###############################################################################
#
# IAR ELF Linker V8.32.3.193/W32 for ARM                  31/Aug/2022  11:10:11
# Copyright 2007-2019 IAR Systems AB.
#
#    Output file  =  
#        C:\Users\sonartech\Desktop\STM32 nucleo\Uart DMA
#        NMEA-0183\EWARM\Uart_DMA_NMEA_0183\Exe\Uart_DMA_NMEA_0183.out
#    Map file     =  
#        C:\Users\sonartech\Desktop\STM32 nucleo\Uart DMA
#        NMEA-0183\EWARM\Uart_DMA_NMEA_0183\List\Uart_DMA_NMEA_0183.map
#    Command line =  
#        -f C:\Users\SONART~1\AppData\Local\Temp\EWC6C6.tmp
#        ("C:\Users\sonartech\Desktop\STM32 nucleo\Uart DMA
#        NMEA-0183\EWARM\Uart_DMA_NMEA_0183\Obj\main.o"
#        "C:\Users\sonartech\Desktop\STM32 nucleo\Uart DMA
#        NMEA-0183\EWARM\Uart_DMA_NMEA_0183\Obj\startup_stm32l433xx.o"
#        "C:\Users\sonartech\Desktop\STM32 nucleo\Uart DMA
#        NMEA-0183\EWARM\Uart_DMA_NMEA_0183\Obj\stm32l4xx_hal.o"
#        "C:\Users\sonartech\Desktop\STM32 nucleo\Uart DMA
#        NMEA-0183\EWARM\Uart_DMA_NMEA_0183\Obj\stm32l4xx_hal_cortex.o"
#        "C:\Users\sonartech\Desktop\STM32 nucleo\Uart DMA
#        NMEA-0183\EWARM\Uart_DMA_NMEA_0183\Obj\stm32l4xx_hal_dma.o"
#        "C:\Users\sonartech\Desktop\STM32 nucleo\Uart DMA
#        NMEA-0183\EWARM\Uart_DMA_NMEA_0183\Obj\stm32l4xx_hal_dma_ex.o"
#        "C:\Users\sonartech\Desktop\STM32 nucleo\Uart DMA
#        NMEA-0183\EWARM\Uart_DMA_NMEA_0183\Obj\stm32l4xx_hal_exti.o"
#        "C:\Users\sonartech\Desktop\STM32 nucleo\Uart DMA
#        NMEA-0183\EWARM\Uart_DMA_NMEA_0183\Obj\stm32l4xx_hal_flash.o"
#        "C:\Users\sonartech\Desktop\STM32 nucleo\Uart DMA
#        NMEA-0183\EWARM\Uart_DMA_NMEA_0183\Obj\stm32l4xx_hal_flash_ex.o"
#        "C:\Users\sonartech\Desktop\STM32 nucleo\Uart DMA
#        NMEA-0183\EWARM\Uart_DMA_NMEA_0183\Obj\stm32l4xx_hal_flash_ramfunc.o"
#        "C:\Users\sonartech\Desktop\STM32 nucleo\Uart DMA
#        NMEA-0183\EWARM\Uart_DMA_NMEA_0183\Obj\stm32l4xx_hal_gpio.o"
#        "C:\Users\sonartech\Desktop\STM32 nucleo\Uart DMA
#        NMEA-0183\EWARM\Uart_DMA_NMEA_0183\Obj\stm32l4xx_hal_i2c.o"
#        "C:\Users\sonartech\Desktop\STM32 nucleo\Uart DMA
#        NMEA-0183\EWARM\Uart_DMA_NMEA_0183\Obj\stm32l4xx_hal_i2c_ex.o"
#        "C:\Users\sonartech\Desktop\STM32 nucleo\Uart DMA
#        NMEA-0183\EWARM\Uart_DMA_NMEA_0183\Obj\stm32l4xx_hal_msp.o"
#        "C:\Users\sonartech\Desktop\STM32 nucleo\Uart DMA
#        NMEA-0183\EWARM\Uart_DMA_NMEA_0183\Obj\stm32l4xx_hal_pwr.o"
#        "C:\Users\sonartech\Desktop\STM32 nucleo\Uart DMA
#        NMEA-0183\EWARM\Uart_DMA_NMEA_0183\Obj\stm32l4xx_hal_pwr_ex.o"
#        "C:\Users\sonartech\Desktop\STM32 nucleo\Uart DMA
#        NMEA-0183\EWARM\Uart_DMA_NMEA_0183\Obj\stm32l4xx_hal_rcc.o"
#        "C:\Users\sonartech\Desktop\STM32 nucleo\Uart DMA
#        NMEA-0183\EWARM\Uart_DMA_NMEA_0183\Obj\stm32l4xx_hal_rcc_ex.o"
#        "C:\Users\sonartech\Desktop\STM32 nucleo\Uart DMA
#        NMEA-0183\EWARM\Uart_DMA_NMEA_0183\Obj\stm32l4xx_hal_tim.o"
#        "C:\Users\sonartech\Desktop\STM32 nucleo\Uart DMA
#        NMEA-0183\EWARM\Uart_DMA_NMEA_0183\Obj\stm32l4xx_hal_tim_ex.o"
#        "C:\Users\sonartech\Desktop\STM32 nucleo\Uart DMA
#        NMEA-0183\EWARM\Uart_DMA_NMEA_0183\Obj\stm32l4xx_hal_uart.o"
#        "C:\Users\sonartech\Desktop\STM32 nucleo\Uart DMA
#        NMEA-0183\EWARM\Uart_DMA_NMEA_0183\Obj\stm32l4xx_hal_uart_ex.o"
#        "C:\Users\sonartech\Desktop\STM32 nucleo\Uart DMA
#        NMEA-0183\EWARM\Uart_DMA_NMEA_0183\Obj\stm32l4xx_it.o"
#        "C:\Users\sonartech\Desktop\STM32 nucleo\Uart DMA
#        NMEA-0183\EWARM\Uart_DMA_NMEA_0183\Obj\system_stm32l4xx.o"
#        --no_out_extension -o "C:\Users\sonartech\Desktop\STM32 nucleo\Uart
#        DMA NMEA-0183\EWARM\Uart_DMA_NMEA_0183\Exe\Uart_DMA_NMEA_0183.out"
#        --redirect _Printf=_PrintfFullNoMb --redirect _Scanf=_ScanfFullNoMb
#        --map "C:\Users\sonartech\Desktop\STM32 nucleo\Uart DMA
#        NMEA-0183\EWARM\Uart_DMA_NMEA_0183\List\Uart_DMA_NMEA_0183.map"
#        --config "C:\Users\sonartech\Desktop\STM32 nucleo\Uart DMA
#        NMEA-0183\EWARM/stm32l433xx_flash.icf" --semihosting --entry
#        __iar_program_start --vfe --text_out locale)
#
###############################################################################

*******************************************************************************
*** RUNTIME MODEL ATTRIBUTES
***

CppFlavor       = *
__SystemLibrary = DLib
__dlib_version  = 6


*******************************************************************************
*** HEAP SELECTION
***

The basic heap was selected because no calls to memory allocation
functions were found in the application outside of system library
functions, and there are calls to deallocation functions in the
application.


*******************************************************************************
*** PLACEMENT SUMMARY
***

"A0":  place at 0x800'0000 { ro section .intvec };
"P1":  place in [from 0x800'0000 to 0x803'ffff] { ro };
define block CSTACK with size = 1K, alignment = 8 { };
define block HEAP with size = 512, alignment = 8 { };
"P2":  place in [from 0x2000'0000 to 0x2000'ffff] {
          rw, block CSTACK, block HEAP };
initialize by copy { rw };

  Section            Kind         Address    Size  Object
  -------            ----         -------    ----  ------
"A0":                                       0x18c
  .intvec            ro code   0x800'0000   0x18c  startup_stm32l433xx.o [1]
                             - 0x800'018c   0x18c

"P1":                                      0x25e4
  .text              ro code   0x800'018c   0xa1c  stm32l4xx_hal_uart.o [1]
  .text              ro code   0x800'0ba8   0x1b8  stm32l4xx_hal_msp.o [1]
  .text              ro code   0x800'0d60     0xc  stm32l4xx_hal.o [1]
  .text              ro code   0x800'0d6c   0x2ae  stm32l4xx_hal_dma.o [1]
  .text              ro code   0x800'101a     0x2  stm32l4xx_hal_uart.o [1]
  .text              ro code   0x800'101c     0x2  stm32l4xx_hal_uart.o [1]
  .text              ro code   0x800'101e     0x2  stm32l4xx_hal_uart_ex.o [1]
  .text              ro code   0x800'1020     0x2  stm32l4xx_hal_uart.o [1]
  .text              ro code   0x800'1022    0x3a  zero_init3.o [4]
  .text              ro code   0x800'105c   0x78c  stm32l4xx_hal_rcc.o [1]
  .text              ro code   0x800'17e8   0x106  I64DivMod_small.o [4]
  .text              ro code   0x800'18f0   0x3bc  main.o [1]
  .text              ro code   0x800'1cac     0x2  stm32l4xx_hal_uart.o [1]
  .text              ro code   0x800'1cb0     0x6  ABImemclr4.o [4]
  .text              ro code   0x800'1cb8   0x3b4  stm32l4xx_hal_rcc_ex.o [1]
  .text              ro code   0x800'206c    0xc8  stm32l4xx_hal_cortex.o [1]
  .text              ro code   0x800'2134   0x1c4  stm32l4xx_hal_gpio.o [1]
  .text              ro code   0x800'22f8    0x44  stm32l4xx_hal.o [1]
  .text              ro code   0x800'233c    0x88  stm32l4xx_hal_pwr_ex.o [1]
  .text              ro code   0x800'23c4     0x2  I64DivZer.o [4]
  .text              ro code   0x800'23c6    0x14  memset.o [4]
  .text              ro code   0x800'23dc    0x18  ABImemcpy_small.o [4]
  .text              ro code   0x800'23f4    0x2c  stm32l4xx_hal.o [1]
  .text              ro code   0x800'2420    0x32  ABImemset48.o [4]
  .text              ro code   0x800'2454    0x66  ABImemset.o [4]
  .text              ro code   0x800'24bc    0x48  stm32l4xx_it.o [1]
  .text              ro code   0x800'2504    0x10  stm32l4xx_hal.o [1]
  .rodata            const     0x800'2514    0x30  system_stm32l4xx.o [1]
  .text              ro code   0x800'2544    0x2c  copy_init3.o [4]
  .text              ro code   0x800'2570    0x28  data_init.o [4]
  .text              ro code   0x800'2598    0x22  fpinit_M.o [3]
  .iar.init_table    const     0x800'25bc    0x24  - Linker created -
  .text              ro code   0x800'25e0    0x20  system_stm32l4xx.o [1]
  .text              ro code   0x800'2600    0x1e  cmain.o [4]
  .text              ro code   0x800'261e     0x4  low_level_init.o [2]
  .text              ro code   0x800'2622     0x4  exit.o [2]
  .text              ro code   0x800'2628     0xa  cexit.o [4]
  .text              ro code   0x800'2634    0x14  exit.o [5]
  .text              ro code   0x800'2648    0x10  startup_stm32l433xx.o [1]
  Initializer bytes  const     0x800'2658    0x10  <for P2-1>
  .text              ro code   0x800'2668     0xc  cstartup_M.o [4]
  .rodata            const     0x800'2674     0x8  system_stm32l4xx.o [1]
  .text              ro code   0x800'267c     0x4  startup_stm32l433xx.o [1]
  .text              ro code   0x800'2680     0x4  startup_stm32l433xx.o [1]
  .text              ro code   0x800'2684     0x4  startup_stm32l433xx.o [1]
  .text              ro code   0x800'2688     0x4  startup_stm32l433xx.o [1]
  .text              ro code   0x800'268c     0x4  startup_stm32l433xx.o [1]
  .text              ro code   0x800'2690     0x4  startup_stm32l433xx.o [1]
  .text              ro code   0x800'2694     0x4  startup_stm32l433xx.o [1]
  .text              ro code   0x800'2698     0x4  startup_stm32l433xx.o [1]
  .text              ro code   0x800'269c     0x4  startup_stm32l433xx.o [1]
  .text              ro code   0x800'26a0     0x4  startup_stm32l433xx.o [1]
  .text              ro code   0x800'26a4     0x4  startup_stm32l433xx.o [1]
  .text              ro code   0x800'26a8     0x4  startup_stm32l433xx.o [1]
  .text              ro code   0x800'26ac     0x4  startup_stm32l433xx.o [1]
  .text              ro code   0x800'26b0     0x4  startup_stm32l433xx.o [1]
  .text              ro code   0x800'26b4     0x4  startup_stm32l433xx.o [1]
  .text              ro code   0x800'26b8     0x4  startup_stm32l433xx.o [1]
  .text              ro code   0x800'26bc     0x4  startup_stm32l433xx.o [1]
  .text              ro code   0x800'26c0     0x4  startup_stm32l433xx.o [1]
  .text              ro code   0x800'26c4     0x4  startup_stm32l433xx.o [1]
  .text              ro code   0x800'26c8     0x4  startup_stm32l433xx.o [1]
  .text              ro code   0x800'26cc     0x4  startup_stm32l433xx.o [1]
  .text              ro code   0x800'26d0     0x4  startup_stm32l433xx.o [1]
  .text              ro code   0x800'26d4     0x4  startup_stm32l433xx.o [1]
  .text              ro code   0x800'26d8     0x4  startup_stm32l433xx.o [1]
  .text              ro code   0x800'26dc     0x4  startup_stm32l433xx.o [1]
  .text              ro code   0x800'26e0     0x4  startup_stm32l433xx.o [1]
  .text              ro code   0x800'26e4     0x4  startup_stm32l433xx.o [1]
  .text              ro code   0x800'26e8     0x4  startup_stm32l433xx.o [1]
  .text              ro code   0x800'26ec     0x4  startup_stm32l433xx.o [1]
  .text              ro code   0x800'26f0     0x4  startup_stm32l433xx.o [1]
  .text              ro code   0x800'26f4     0x4  startup_stm32l433xx.o [1]
  .text              ro code   0x800'26f8     0x4  startup_stm32l433xx.o [1]
  .text              ro code   0x800'26fc     0x4  startup_stm32l433xx.o [1]
  .text              ro code   0x800'2700     0x4  startup_stm32l433xx.o [1]
  .text              ro code   0x800'2704     0x4  startup_stm32l433xx.o [1]
  .text              ro code   0x800'2708     0x4  startup_stm32l433xx.o [1]
  .text              ro code   0x800'270c     0x4  startup_stm32l433xx.o [1]
  .text              ro code   0x800'2710     0x4  startup_stm32l433xx.o [1]
  .text              ro code   0x800'2714     0x4  startup_stm32l433xx.o [1]
  .text              ro code   0x800'2718     0x4  startup_stm32l433xx.o [1]
  .text              ro code   0x800'271c     0x4  startup_stm32l433xx.o [1]
  .text              ro code   0x800'2720     0x4  startup_stm32l433xx.o [1]
  .text              ro code   0x800'2724     0x4  startup_stm32l433xx.o [1]
  .text              ro code   0x800'2728     0x4  startup_stm32l433xx.o [1]
  .text              ro code   0x800'272c     0x4  startup_stm32l433xx.o [1]
  .text              ro code   0x800'2730     0x4  startup_stm32l433xx.o [1]
  .text              ro code   0x800'2734     0x4  startup_stm32l433xx.o [1]
  .text              ro code   0x800'2738     0x4  startup_stm32l433xx.o [1]
  .text              ro code   0x800'273c     0x4  startup_stm32l433xx.o [1]
  .text              ro code   0x800'2740     0x4  startup_stm32l433xx.o [1]
  .text              ro code   0x800'2744     0x4  startup_stm32l433xx.o [1]
  .text              ro code   0x800'2748     0x4  startup_stm32l433xx.o [1]
  .text              ro code   0x800'274c     0x4  startup_stm32l433xx.o [1]
  .text              ro code   0x800'2750     0x4  startup_stm32l433xx.o [1]
  .text              ro code   0x800'2754     0x4  startup_stm32l433xx.o [1]
  .text              ro code   0x800'2758     0x4  startup_stm32l433xx.o [1]
  .text              ro code   0x800'275c     0x4  startup_stm32l433xx.o [1]
  .text              ro code   0x800'2760     0x4  startup_stm32l433xx.o [1]
  .text              ro code   0x800'2764     0x4  startup_stm32l433xx.o [1]
  .text              ro code   0x800'2768     0x4  startup_stm32l433xx.o [1]
  .text              ro code   0x800'276c     0x4  startup_stm32l433xx.o [1]
  .rodata            const     0x800'2770     0x0  zero_init3.o [4]
  .rodata            const     0x800'2770     0x0  copy_init3.o [4]
                             - 0x800'2770  0x25e4

"P2", part 1 of 3:                           0x10
  P2-1                        0x2000'0000    0x10  <Init block>
    .data            inited   0x2000'0000     0xc  stm32l4xx_hal.o [1]
    .data            inited   0x2000'000c     0x4  system_stm32l4xx.o [1]
                            - 0x2000'0010    0x10

"P2", part 2 of 3:                          0x2e8
  .bss               zero     0x2000'0010   0x104  main.o [1]
  .bss               zero     0x2000'0114    0x84  main.o [1]
  .bss               zero     0x2000'0198    0x84  main.o [1]
  .bss               zero     0x2000'021c    0x48  main.o [1]
  .bss               zero     0x2000'0264    0x48  main.o [1]
  .bss               zero     0x2000'02ac    0x48  main.o [1]
  .bss               zero     0x2000'02f4     0x2  main.o [1]
  .bss               zero     0x2000'02f6     0x1  main.o [1]
  .bss               zero     0x2000'02f7     0x1  main.o [1]
                            - 0x2000'02f8   0x2e8

"P2", part 3 of 3:                          0x400
  CSTACK                      0x2000'02f8   0x400  <Block>
    CSTACK           uninit   0x2000'02f8   0x400  <Block tail>
                            - 0x2000'06f8   0x400

Unused ranges:

         From           To      Size
         ----           --      ----
   0x800'2770   0x803'ffff  0x3'd890
  0x2000'06f8  0x2000'ffff    0xf908


*******************************************************************************
*** INIT TABLE
***

          Address      Size
          -------      ----
Zero (__iar_zero_init3)
    1 destination range, total size 0x2e8:
          0x2000'0010  0x2e8

Copy (__iar_copy_init3)
    1 source range, total size 0x10:
           0x800'2658   0x10
    1 destination range, total size 0x10:
          0x2000'0000   0x10



*******************************************************************************
*** MODULE SUMMARY
***

    Module                   ro code  ro data  rw data
    ------                   -------  -------  -------
command line/config:
    --------------------------------------------------
    Total:

C:\Users\sonartech\Desktop\STM32 nucleo\Uart DMA NMEA-0183\EWARM\Uart_DMA_NMEA_0183\Obj: [1]
    main.o                       956               744
    startup_stm32l433xx.o        656
    stm32l4xx_hal.o              140       12       12
    stm32l4xx_hal_cortex.o       200
    stm32l4xx_hal_dma.o          686
    stm32l4xx_hal_gpio.o         452
    stm32l4xx_hal_msp.o          440
    stm32l4xx_hal_pwr_ex.o       136
    stm32l4xx_hal_rcc.o        1 932
    stm32l4xx_hal_rcc_ex.o       948
    stm32l4xx_hal_uart.o       2 596
    stm32l4xx_hal_uart_ex.o        2
    stm32l4xx_it.o                72
    system_stm32l4xx.o            32       60        4
    --------------------------------------------------
    Total:                     9 248       72      760

dl7M_tln.a: [2]
    exit.o                         4
    low_level_init.o               4
    --------------------------------------------------
    Total:                         8

m7M_tls.a: [3]
    fpinit_M.o                    34
    --------------------------------------------------
    Total:                        34

rt7M_tl.a: [4]
    ABImemclr4.o                   6
    ABImemcpy_small.o             24
    ABImemset.o                  102
    ABImemset48.o                 50
    I64DivMod_small.o            262
    I64DivZer.o                    2
    cexit.o                       10
    cmain.o                       30
    copy_init3.o                  44
    cstartup_M.o                  12
    data_init.o                   40
    memset.o                      20
    zero_init3.o                  58
    --------------------------------------------------
    Total:                       660

shb_l.a: [5]
    exit.o                        20
    --------------------------------------------------
    Total:                        20

    Gaps                          16        2
    Linker created                         36    1 024
------------------------------------------------------
    Grand Total:               9 986      110    1 784


*******************************************************************************
*** ENTRY LIST
***

Entry                       Address   Size  Type      Object
-----                       -------   ----  ----      ------
.iar.init_table$$Base    0x800'25bc          --   Gb  - Linker created -
.iar.init_table$$Limit   0x800'25e0          --   Gb  - Linker created -
?main                    0x800'2601         Code  Gb  cmain.o [4]
AHBPrescTable            0x800'25f0   0x10  Data  Gb  system_stm32l4xx.o [1]
APBPrescTable            0x800'2674    0x8  Data  Gb  system_stm32l4xx.o [1]
Buf_save                 0x800'1979   0x30  Code  Gb  main.o [1]
BusFault_Handler         0x800'24c3    0x2  Code  Gb  stm32l4xx_it.o [1]
CSTACK$$Base            0x2000'02f8          --   Gb  - Linker created -
CSTACK$$Limit           0x2000'06f8          --   Gb  - Linker created -
Char2Hex                 0x800'190d   0x28  Code  Gb  main.o [1]
DMA1_Channel5_IRQHandler
                         0x800'24d1    0x6  Code  Gb  stm32l4xx_it.o [1]
DMA1_Channel6_IRQHandler
                         0x800'24d7    0x6  Code  Gb  stm32l4xx_it.o [1]
DMA1_Channel7_IRQHandler
                         0x800'24dd    0x6  Code  Gb  stm32l4xx_it.o [1]
DMA_SetConfig            0x800'0ff3   0x28  Code  Lc  stm32l4xx_hal_dma.o [1]
DebugMon_Handler         0x800'24c9    0x2  Code  Gb  stm32l4xx_it.o [1]
Error_Handler            0x800'1c73    0x4  Code  Gb  main.o [1]
HAL_DMA_Abort            0x800'0e9b   0x46  Code  Gb  stm32l4xx_hal_dma.o [1]
HAL_DMA_Abort_IT         0x800'0ee1   0x4a  Code  Gb  stm32l4xx_hal_dma.o [1]
HAL_DMA_IRQHandler       0x800'0f2b   0xaa  Code  Gb  stm32l4xx_hal_dma.o [1]
HAL_DMA_Init             0x800'0d6d   0xa6  Code  Gb  stm32l4xx_hal_dma.o [1]
HAL_DMA_Start_IT         0x800'0e31   0x6a  Code  Gb  stm32l4xx_hal_dma.o [1]
HAL_GPIO_Init            0x800'2135  0x19c  Code  Gb  stm32l4xx_hal_gpio.o [1]
HAL_GPIO_WritePin        0x800'22d1    0xa  Code  Gb  stm32l4xx_hal_gpio.o [1]
HAL_GetTick              0x800'0d61    0xc  Code  Wk  stm32l4xx_hal.o [1]
HAL_IncTick              0x800'2505   0x10  Code  Wk  stm32l4xx_hal.o [1]
HAL_Init                 0x800'23f5   0x28  Code  Gb  stm32l4xx_hal.o [1]
HAL_InitTick             0x800'22f9   0x44  Code  Wk  stm32l4xx_hal.o [1]
HAL_MspInit              0x800'0ba9   0x2c  Code  Gb  stm32l4xx_hal_msp.o [1]
HAL_NVIC_EnableIRQ       0x800'20dd   0x16  Code  Gb  stm32l4xx_hal_cortex.o [1]
HAL_NVIC_SetPriority     0x800'20a1   0x3a  Code  Gb  stm32l4xx_hal_cortex.o [1]
HAL_NVIC_SetPriorityGrouping
                         0x800'2087   0x1a  Code  Gb  stm32l4xx_hal_cortex.o [1]
HAL_PWREx_ControlVoltageScaling
                         0x800'2349   0x5e  Code  Gb  stm32l4xx_hal_pwr_ex.o [1]
HAL_PWREx_GetVoltageRange
                         0x800'233d    0xc  Code  Gb  stm32l4xx_hal_pwr_ex.o [1]
HAL_RCCEx_PeriphCLKConfig
                         0x800'1cb9  0x27e  Code  Gb  stm32l4xx_hal_rcc_ex.o [1]
HAL_RCC_ClockConfig      0x800'154b   0xfa  Code  Gb  stm32l4xx_hal_rcc.o [1]
HAL_RCC_GetPCLK1Freq     0x800'170d   0x10  Code  Gb  stm32l4xx_hal_rcc.o [1]
HAL_RCC_GetPCLK2Freq     0x800'171d    0xe  Code  Gb  stm32l4xx_hal_rcc.o [1]
HAL_RCC_GetSysClockFreq
                         0x800'167b   0x92  Code  Gb  stm32l4xx_hal_rcc.o [1]
HAL_RCC_OscConfig        0x800'105d  0x4b6  Code  Gb  stm32l4xx_hal_rcc.o [1]
HAL_SYSTICK_Config       0x800'20f3   0x28  Code  Gb  stm32l4xx_hal_cortex.o [1]
HAL_UARTEx_WakeupCallback
                         0x800'101f    0x2  Code  Wk  stm32l4xx_hal_uart_ex.o [1]
HAL_UART_IRQHandler      0x800'038b  0x248  Code  Gb  stm32l4xx_hal_uart.o [1]
HAL_UART_Init            0x800'018d   0x30  Code  Gb  stm32l4xx_hal_uart.o [1]
HAL_UART_MspInit         0x800'0bd5  0x13a  Code  Gb  stm32l4xx_hal_msp.o [1]
HAL_UART_Receive_DMA     0x800'02c7   0x28  Code  Gb  stm32l4xx_hal_uart.o [1]
HAL_UART_RxCpltCallback
                         0x800'19cf   0x32  Code  Gb  main.o [1]
HAL_UART_Transmit        0x800'020d   0xba  Code  Gb  stm32l4xx_hal_uart.o [1]
HardFault_Handler        0x800'24bf    0x2  Code  Gb  stm32l4xx_it.o [1]
MSIRangeTable            0x800'2514   0x30  Data  Gb  system_stm32l4xx.o [1]
MX_GPIO_Init             0x800'1b75   0xc2  Code  Lc  main.o [1]
MemManage_Handler        0x800'24c1    0x2  Code  Gb  stm32l4xx_it.o [1]
NEMA_Init                0x800'18f1   0x1a  Code  Gb  main.o [1]
NEMA_RX                 0x2000'0010  0x104  Data  Gb  main.o [1]
NEMA_check_sum           0x800'1935   0x44  Code  Gb  main.o [1]
NMI_Handler              0x800'24bd    0x2  Code  Gb  stm32l4xx_it.o [1]
PendSV_Handler           0x800'24cb    0x2  Code  Gb  stm32l4xx_it.o [1]
RCCEx_PLLSAI1_Config     0x800'1f47   0xfc  Code  Lc  stm32l4xx_hal_rcc_ex.o [1]
RCC_SetFlashLatencyFromMSIRange
                         0x800'1735   0x74  Code  Lc  stm32l4xx_hal_rcc.o [1]
Region$$Table$$Base      0x800'25bc          --   Gb  - Linker created -
Region$$Table$$Limit     0x800'25e0          --   Gb  - Linker created -
SVC_Handler              0x800'24c7    0x2  Code  Gb  stm32l4xx_it.o [1]
Starting_str_check       0x800'19a9   0x26  Code  Gb  main.o [1]
SysTick_Handler          0x800'24cd    0x4  Code  Gb  stm32l4xx_it.o [1]
SystemClock_Config       0x800'1aff   0x76  Code  Gb  main.o [1]
SystemCoreClock         0x2000'000c    0x4  Data  Gb  system_stm32l4xx.o [1]
SystemInit               0x800'25e1    0xc  Code  Gb  system_stm32l4xx.o [1]
UART_AdvFeatureConfig    0x800'07d1   0xc6  Code  Gb  stm32l4xx_hal_uart.o [1]
UART_CheckIdleState      0x800'0897   0x5c  Code  Gb  stm32l4xx_hal_uart.o [1]
UART_DMAAbortOnError     0x800'0b99   0x10  Code  Lc  stm32l4xx_hal_uart.o [1]
UART_DMAError            0x800'0b49   0x4e  Code  Lc  stm32l4xx_hal_uart.o [1]
UART_DMAReceiveCplt      0x800'0a99   0x70  Code  Lc  stm32l4xx_hal_uart.o [1]
UART_DMARxHalfCplt       0x800'0b31   0x18  Code  Lc  stm32l4xx_hal_uart.o [1]
UART_EndRxTransfer       0x800'0a47   0x50  Code  Lc  stm32l4xx_hal_uart.o [1]
UART_EndTxTransfer       0x800'0a2f   0x18  Code  Lc  stm32l4xx_hal_uart.o [1]
UART_SetConfig           0x800'05dd  0x1ce  Code  Gb  stm32l4xx_hal_uart.o [1]
UART_Start_Receive_DMA   0x800'0995   0x8a  Code  Gb  stm32l4xx_hal_uart.o [1]
UART_WaitOnFlagUntilTimeout
                         0x800'08f3   0x7c  Code  Gb  stm32l4xx_hal_uart.o [1]
USART1_IRQHandler        0x800'24e3    0x6  Code  Gb  stm32l4xx_it.o [1]
USART2_IRQHandler        0x800'24e9    0x6  Code  Gb  stm32l4xx_it.o [1]
UsageFault_Handler       0x800'24c5    0x2  Code  Gb  stm32l4xx_it.o [1]
__NVIC_SetPriority       0x800'206d   0x1a  Code  Lc  stm32l4xx_hal_cortex.o [1]
__aeabi_ldiv0            0x800'23c5         Code  Gb  I64DivZer.o [4]
__aeabi_memclr4          0x800'1cb1         Code  Gb  ABImemclr4.o [4]
__aeabi_memset           0x800'2455         Code  Gb  ABImemset.o [4]
__cmain                  0x800'2601         Code  Gb  cmain.o [4]
__exit                   0x800'2635   0x14  Code  Gb  exit.o [5]
__iar_Memset             0x800'2455         Code  Gb  ABImemset.o [4]
__iar_Memset4_word       0x800'2421         Code  Gb  ABImemset48.o [4]
__iar_Memset8_word       0x800'2421         Code  Gb  ABImemset48.o [4]
__iar_Memset_word        0x800'245d         Code  Gb  ABImemset.o [4]
__iar_copy_init3         0x800'2545   0x2c  Code  Gb  copy_init3.o [4]
__iar_data_init3         0x800'2571   0x28  Code  Gb  data_init.o [4]
__iar_init_vfp           0x800'2599         Code  Gb  fpinit_M.o [3]
__iar_program_start      0x800'2669         Code  Gb  cstartup_M.o [4]
__iar_small_Memcpy       0x800'23e1         Code  Gb  ABImemcpy_small.o [4]
__iar_small_memcpy       0x800'23dd         Code  Gb  ABImemcpy_small.o [4]
__iar_small_memcpy4      0x800'23dd         Code  Gb  ABImemcpy_small.o [4]
__iar_small_memcpy8      0x800'23dd         Code  Gb  ABImemcpy_small.o [4]
__iar_small_uldivmod     0x800'17e9         Code  Gb  I64DivMod_small.o [4]
__iar_zero_init3         0x800'1023   0x3a  Code  Gb  zero_init3.o [4]
__low_level_init         0x800'261f    0x4  Code  Gb  low_level_init.o [2]
__vector_table           0x800'0000         Data  Gb  startup_stm32l433xx.o [1]
_call_main               0x800'260d         Code  Gb  cmain.o [4]
_exit                    0x800'2629         Code  Gb  cexit.o [4]
_main                    0x800'261b         Code  Gb  cmain.o [4]
char_hex                0x2000'02f4    0x2  Data  Gb  main.o [1]
cr_check                0x2000'02f7    0x1  Data  Gb  main.o [1]
exit                     0x800'2623    0x4  Code  Gb  exit.o [2]
hdma_usart1_rx          0x2000'021c   0x48  Data  Gb  main.o [1]
hdma_usart2_rx          0x2000'02ac   0x48  Data  Gb  main.o [1]
hdma_usart2_tx          0x2000'0264   0x48  Data  Gb  main.o [1]
huart1                  0x2000'0114   0x84  Data  Gb  main.o [1]
huart2                  0x2000'0198   0x84  Data  Gb  main.o [1]
main                     0x800'1a01   0xfe  Code  Gb  main.o [1]
memset                   0x800'23c7   0x14  Code  Gb  memset.o [4]
temp_rx                 0x2000'02f6    0x1  Data  Gb  main.o [1]
uwTick                  0x2000'0004    0x4  Data  Gb  stm32l4xx_hal.o [1]
uwTickFreq              0x2000'0000    0x1  Data  Gb  stm32l4xx_hal.o [1]
uwTickPrio              0x2000'0008    0x4  Data  Gb  stm32l4xx_hal.o [1]


[1] = C:\Users\sonartech\Desktop\STM32 nucleo\Uart DMA NMEA-0183\EWARM\Uart_DMA_NMEA_0183\Obj
[2] = dl7M_tln.a
[3] = m7M_tls.a
[4] = rt7M_tl.a
[5] = shb_l.a

  9 986 bytes of readonly  code memory
    110 bytes of readonly  data memory
  1 784 bytes of readwrite data memory

Errors: none
Warnings: none
