###############################################################################
#
# IAR ELF Linker V8.32.3.193/W32 for ARM                  31/Aug/2022  08:38:00
# Copyright 2007-2019 IAR Systems AB.
#
#    Output file  =  
#        C:\Users\sonartech\Desktop\STM32 nucleo\Uart
#        NMEA-0183\EWARM\Uart_NMEA_0183\Exe\Uart_NMEA_0183.out
#    Map file     =  
#        C:\Users\sonartech\Desktop\STM32 nucleo\Uart
#        NMEA-0183\EWARM\Uart_NMEA_0183\List\Uart_NMEA_0183.map
#    Command line =  
#        -f C:\Users\SONART~1\AppData\Local\Temp\EW7134.tmp
#        ("C:\Users\sonartech\Desktop\STM32 nucleo\Uart
#        NMEA-0183\EWARM\Uart_NMEA_0183\Obj\main.o"
#        "C:\Users\sonartech\Desktop\STM32 nucleo\Uart
#        NMEA-0183\EWARM\Uart_NMEA_0183\Obj\startup_stm32l433xx.o"
#        "C:\Users\sonartech\Desktop\STM32 nucleo\Uart
#        NMEA-0183\EWARM\Uart_NMEA_0183\Obj\stm32l4xx_hal.o"
#        "C:\Users\sonartech\Desktop\STM32 nucleo\Uart
#        NMEA-0183\EWARM\Uart_NMEA_0183\Obj\stm32l4xx_hal_cortex.o"
#        "C:\Users\sonartech\Desktop\STM32 nucleo\Uart
#        NMEA-0183\EWARM\Uart_NMEA_0183\Obj\stm32l4xx_hal_dma.o"
#        "C:\Users\sonartech\Desktop\STM32 nucleo\Uart
#        NMEA-0183\EWARM\Uart_NMEA_0183\Obj\stm32l4xx_hal_dma_ex.o"
#        "C:\Users\sonartech\Desktop\STM32 nucleo\Uart
#        NMEA-0183\EWARM\Uart_NMEA_0183\Obj\stm32l4xx_hal_exti.o"
#        "C:\Users\sonartech\Desktop\STM32 nucleo\Uart
#        NMEA-0183\EWARM\Uart_NMEA_0183\Obj\stm32l4xx_hal_flash.o"
#        "C:\Users\sonartech\Desktop\STM32 nucleo\Uart
#        NMEA-0183\EWARM\Uart_NMEA_0183\Obj\stm32l4xx_hal_flash_ex.o"
#        "C:\Users\sonartech\Desktop\STM32 nucleo\Uart
#        NMEA-0183\EWARM\Uart_NMEA_0183\Obj\stm32l4xx_hal_flash_ramfunc.o"
#        "C:\Users\sonartech\Desktop\STM32 nucleo\Uart
#        NMEA-0183\EWARM\Uart_NMEA_0183\Obj\stm32l4xx_hal_gpio.o"
#        "C:\Users\sonartech\Desktop\STM32 nucleo\Uart
#        NMEA-0183\EWARM\Uart_NMEA_0183\Obj\stm32l4xx_hal_i2c.o"
#        "C:\Users\sonartech\Desktop\STM32 nucleo\Uart
#        NMEA-0183\EWARM\Uart_NMEA_0183\Obj\stm32l4xx_hal_i2c_ex.o"
#        "C:\Users\sonartech\Desktop\STM32 nucleo\Uart
#        NMEA-0183\EWARM\Uart_NMEA_0183\Obj\stm32l4xx_hal_msp.o"
#        "C:\Users\sonartech\Desktop\STM32 nucleo\Uart
#        NMEA-0183\EWARM\Uart_NMEA_0183\Obj\stm32l4xx_hal_pwr.o"
#        "C:\Users\sonartech\Desktop\STM32 nucleo\Uart
#        NMEA-0183\EWARM\Uart_NMEA_0183\Obj\stm32l4xx_hal_pwr_ex.o"
#        "C:\Users\sonartech\Desktop\STM32 nucleo\Uart
#        NMEA-0183\EWARM\Uart_NMEA_0183\Obj\stm32l4xx_hal_rcc.o"
#        "C:\Users\sonartech\Desktop\STM32 nucleo\Uart
#        NMEA-0183\EWARM\Uart_NMEA_0183\Obj\stm32l4xx_hal_rcc_ex.o"
#        "C:\Users\sonartech\Desktop\STM32 nucleo\Uart
#        NMEA-0183\EWARM\Uart_NMEA_0183\Obj\stm32l4xx_hal_tim.o"
#        "C:\Users\sonartech\Desktop\STM32 nucleo\Uart
#        NMEA-0183\EWARM\Uart_NMEA_0183\Obj\stm32l4xx_hal_tim_ex.o"
#        "C:\Users\sonartech\Desktop\STM32 nucleo\Uart
#        NMEA-0183\EWARM\Uart_NMEA_0183\Obj\stm32l4xx_hal_uart.o"
#        "C:\Users\sonartech\Desktop\STM32 nucleo\Uart
#        NMEA-0183\EWARM\Uart_NMEA_0183\Obj\stm32l4xx_hal_uart_ex.o"
#        "C:\Users\sonartech\Desktop\STM32 nucleo\Uart
#        NMEA-0183\EWARM\Uart_NMEA_0183\Obj\stm32l4xx_it.o"
#        "C:\Users\sonartech\Desktop\STM32 nucleo\Uart
#        NMEA-0183\EWARM\Uart_NMEA_0183\Obj\system_stm32l4xx.o"
#        --no_out_extension -o "C:\Users\sonartech\Desktop\STM32 nucleo\Uart
#        NMEA-0183\EWARM\Uart_NMEA_0183\Exe\Uart_NMEA_0183.out" --redirect
#        _Printf=_PrintfFullNoMb --redirect _Scanf=_ScanfFullNoMb --map
#        "C:\Users\sonartech\Desktop\STM32 nucleo\Uart
#        NMEA-0183\EWARM\Uart_NMEA_0183\List\Uart_NMEA_0183.map" --config
#        "C:\Users\sonartech\Desktop\STM32 nucleo\Uart
#        NMEA-0183\EWARM/stm32l433xx_flash.icf" --semihosting --entry
#        __iar_program_start --vfe --text_out locale)
#
###############################################################################

*******************************************************************************
*** RUNTIME MODEL ATTRIBUTES
***

CppFlavor       = *
__SystemLibrary = DLib
__dlib_version  = 6


*******************************************************************************
*** HEAP SELECTION
***

The basic heap was selected because no calls to memory allocation
functions were found in the application outside of system library
functions, and there are calls to deallocation functions in the
application.


*******************************************************************************
*** PLACEMENT SUMMARY
***

"A0":  place at 0x800'0000 { ro section .intvec };
"P1":  place in [from 0x800'0000 to 0x803'ffff] { ro };
define block CSTACK with size = 1K, alignment = 8 { };
define block HEAP with size = 512, alignment = 8 { };
"P2":  place in [from 0x2000'0000 to 0x2000'ffff] {
          rw, block CSTACK, block HEAP };
initialize by copy { rw };

  Section            Kind         Address    Size  Object
  -------            ----         -------    ----  ------
"A0":                                       0x18c
  .intvec            ro code   0x800'0000   0x18c  startup_stm32l433xx.o [1]
                             - 0x800'018c   0x18c

"P1":                                      0x22c8
  .text              ro code   0x800'018c   0xa12  stm32l4xx_hal_uart.o [1]
  .text              ro code   0x800'0b9e    0x3a  zero_init3.o [4]
  .text              ro code   0x800'0bd8   0x114  stm32l4xx_hal_msp.o [1]
  .text              ro code   0x800'0cec     0xc  stm32l4xx_hal.o [1]
  .text              ro code   0x800'0cf8    0x90  stm32l4xx_hal_dma.o [1]
  .text              ro code   0x800'0d88     0x2  stm32l4xx_hal_uart.o [1]
  .text              ro code   0x800'0d8a     0x2  stm32l4xx_hal_uart.o [1]
  .text              ro code   0x800'0d8c     0x2  stm32l4xx_hal_uart_ex.o [1]
  .text              ro code   0x800'0d8e     0x2  stm32l4xx_hal_uart.o [1]
  .text              ro code   0x800'0d90   0x78c  stm32l4xx_hal_rcc.o [1]
  .text              ro code   0x800'151c   0x106  I64DivMod_small.o [4]
  .text              ro code   0x800'1624   0x384  main.o [1]
  .text              ro code   0x800'19a8     0x6  ABImemclr4.o [4]
  .text              ro code   0x800'19b0   0x3b4  stm32l4xx_hal_rcc_ex.o [1]
  .text              ro code   0x800'1d64    0xc8  stm32l4xx_hal_cortex.o [1]
  .text              ro code   0x800'1e2c   0x1c4  stm32l4xx_hal_gpio.o [1]
  .text              ro code   0x800'1ff0    0x44  stm32l4xx_hal.o [1]
  .text              ro code   0x800'2034    0x88  stm32l4xx_hal_pwr_ex.o [1]
  .text              ro code   0x800'20bc     0x2  I64DivZer.o [4]
  .text              ro code   0x800'20be    0x14  memset.o [4]
  .text              ro code   0x800'20d4    0x18  ABImemcpy_small.o [4]
  .text              ro code   0x800'20ec    0x2c  stm32l4xx_hal.o [1]
  .text              ro code   0x800'2118    0x32  ABImemset48.o [4]
  .text              ro code   0x800'214c    0x66  ABImemset.o [4]
  .rodata            const     0x800'21b4    0x30  system_stm32l4xx.o [1]
  .text              ro code   0x800'21e4    0x2c  copy_init3.o [4]
  .text              ro code   0x800'2210    0x28  stm32l4xx_it.o [1]
  .text              ro code   0x800'2238    0x10  stm32l4xx_hal.o [1]
  .text              ro code   0x800'2248    0x28  data_init.o [4]
  .text              ro code   0x800'2270    0x22  fpinit_M.o [3]
  .iar.init_table    const     0x800'2294    0x24  - Linker created -
  .text              ro code   0x800'22b8    0x20  system_stm32l4xx.o [1]
  .text              ro code   0x800'22d8    0x1e  cmain.o [4]
  .text              ro code   0x800'22f6     0x4  low_level_init.o [2]
  .text              ro code   0x800'22fa     0x4  exit.o [2]
  .text              ro code   0x800'2300     0xa  cexit.o [4]
  .text              ro code   0x800'230c    0x14  exit.o [5]
  .text              ro code   0x800'2320    0x10  startup_stm32l433xx.o [1]
  Initializer bytes  const     0x800'2330    0x10  <for P2-1>
  .text              ro code   0x800'2340     0xc  cstartup_M.o [4]
  .rodata            const     0x800'234c     0x8  system_stm32l4xx.o [1]
  .text              ro code   0x800'2354     0x4  startup_stm32l433xx.o [1]
  .text              ro code   0x800'2358     0x4  startup_stm32l433xx.o [1]
  .text              ro code   0x800'235c     0x4  startup_stm32l433xx.o [1]
  .text              ro code   0x800'2360     0x4  startup_stm32l433xx.o [1]
  .text              ro code   0x800'2364     0x4  startup_stm32l433xx.o [1]
  .text              ro code   0x800'2368     0x4  startup_stm32l433xx.o [1]
  .text              ro code   0x800'236c     0x4  startup_stm32l433xx.o [1]
  .text              ro code   0x800'2370     0x4  startup_stm32l433xx.o [1]
  .text              ro code   0x800'2374     0x4  startup_stm32l433xx.o [1]
  .text              ro code   0x800'2378     0x4  startup_stm32l433xx.o [1]
  .text              ro code   0x800'237c     0x4  startup_stm32l433xx.o [1]
  .text              ro code   0x800'2380     0x4  startup_stm32l433xx.o [1]
  .text              ro code   0x800'2384     0x4  startup_stm32l433xx.o [1]
  .text              ro code   0x800'2388     0x4  startup_stm32l433xx.o [1]
  .text              ro code   0x800'238c     0x4  startup_stm32l433xx.o [1]
  .text              ro code   0x800'2390     0x4  startup_stm32l433xx.o [1]
  .text              ro code   0x800'2394     0x4  startup_stm32l433xx.o [1]
  .text              ro code   0x800'2398     0x4  startup_stm32l433xx.o [1]
  .text              ro code   0x800'239c     0x4  startup_stm32l433xx.o [1]
  .text              ro code   0x800'23a0     0x4  startup_stm32l433xx.o [1]
  .text              ro code   0x800'23a4     0x4  startup_stm32l433xx.o [1]
  .text              ro code   0x800'23a8     0x4  startup_stm32l433xx.o [1]
  .text              ro code   0x800'23ac     0x4  startup_stm32l433xx.o [1]
  .text              ro code   0x800'23b0     0x4  startup_stm32l433xx.o [1]
  .text              ro code   0x800'23b4     0x4  startup_stm32l433xx.o [1]
  .text              ro code   0x800'23b8     0x4  startup_stm32l433xx.o [1]
  .text              ro code   0x800'23bc     0x4  startup_stm32l433xx.o [1]
  .text              ro code   0x800'23c0     0x4  startup_stm32l433xx.o [1]
  .text              ro code   0x800'23c4     0x4  startup_stm32l433xx.o [1]
  .text              ro code   0x800'23c8     0x4  startup_stm32l433xx.o [1]
  .text              ro code   0x800'23cc     0x4  startup_stm32l433xx.o [1]
  .text              ro code   0x800'23d0     0x4  startup_stm32l433xx.o [1]
  .text              ro code   0x800'23d4     0x4  startup_stm32l433xx.o [1]
  .text              ro code   0x800'23d8     0x4  startup_stm32l433xx.o [1]
  .text              ro code   0x800'23dc     0x4  startup_stm32l433xx.o [1]
  .text              ro code   0x800'23e0     0x4  startup_stm32l433xx.o [1]
  .text              ro code   0x800'23e4     0x4  startup_stm32l433xx.o [1]
  .text              ro code   0x800'23e8     0x4  startup_stm32l433xx.o [1]
  .text              ro code   0x800'23ec     0x4  startup_stm32l433xx.o [1]
  .text              ro code   0x800'23f0     0x4  startup_stm32l433xx.o [1]
  .text              ro code   0x800'23f4     0x4  startup_stm32l433xx.o [1]
  .text              ro code   0x800'23f8     0x4  startup_stm32l433xx.o [1]
  .text              ro code   0x800'23fc     0x4  startup_stm32l433xx.o [1]
  .text              ro code   0x800'2400     0x4  startup_stm32l433xx.o [1]
  .text              ro code   0x800'2404     0x4  startup_stm32l433xx.o [1]
  .text              ro code   0x800'2408     0x4  startup_stm32l433xx.o [1]
  .text              ro code   0x800'240c     0x4  startup_stm32l433xx.o [1]
  .text              ro code   0x800'2410     0x4  startup_stm32l433xx.o [1]
  .text              ro code   0x800'2414     0x4  startup_stm32l433xx.o [1]
  .text              ro code   0x800'2418     0x4  startup_stm32l433xx.o [1]
  .text              ro code   0x800'241c     0x4  startup_stm32l433xx.o [1]
  .text              ro code   0x800'2420     0x4  startup_stm32l433xx.o [1]
  .text              ro code   0x800'2424     0x4  startup_stm32l433xx.o [1]
  .text              ro code   0x800'2428     0x4  startup_stm32l433xx.o [1]
  .text              ro code   0x800'242c     0x4  startup_stm32l433xx.o [1]
  .text              ro code   0x800'2430     0x4  startup_stm32l433xx.o [1]
  .text              ro code   0x800'2434     0x4  startup_stm32l433xx.o [1]
  .text              ro code   0x800'2438     0x4  startup_stm32l433xx.o [1]
  .text              ro code   0x800'243c     0x4  startup_stm32l433xx.o [1]
  .text              ro code   0x800'2440     0x4  startup_stm32l433xx.o [1]
  .text              ro code   0x800'2444     0x4  startup_stm32l433xx.o [1]
  .text              ro code   0x800'2448     0x4  startup_stm32l433xx.o [1]
  .text              ro code   0x800'244c     0x4  startup_stm32l433xx.o [1]
  .text              ro code   0x800'2450     0x4  startup_stm32l433xx.o [1]
  .rodata            const     0x800'2454     0x0  zero_init3.o [4]
  .rodata            const     0x800'2454     0x0  copy_init3.o [4]
                             - 0x800'2454  0x22c8

"P2", part 1 of 3:                           0x10
  P2-1                        0x2000'0000    0x10  <Init block>
    .data            inited   0x2000'0000     0xc  stm32l4xx_hal.o [1]
    .data            inited   0x2000'000c     0x4  system_stm32l4xx.o [1]
                            - 0x2000'0010    0x10

"P2", part 2 of 3:                          0x210
  .bss               zero     0x2000'0010   0x104  main.o [1]
  .bss               zero     0x2000'0114    0x84  main.o [1]
  .bss               zero     0x2000'0198    0x84  main.o [1]
  .bss               zero     0x2000'021c     0x2  main.o [1]
  .bss               zero     0x2000'021e     0x1  main.o [1]
  .bss               zero     0x2000'021f     0x1  main.o [1]
                            - 0x2000'0220   0x210

"P2", part 3 of 3:                          0x400
  CSTACK                      0x2000'0220   0x400  <Block>
    CSTACK           uninit   0x2000'0220   0x400  <Block tail>
                            - 0x2000'0620   0x400

Unused ranges:

         From           To      Size
         ----           --      ----
   0x800'2454   0x803'ffff  0x3'dbac
  0x2000'0620  0x2000'ffff    0xf9e0


*******************************************************************************
*** INIT TABLE
***

          Address      Size
          -------      ----
Zero (__iar_zero_init3)
    1 destination range, total size 0x210:
          0x2000'0010  0x210

Copy (__iar_copy_init3)
    1 source range, total size 0x10:
           0x800'2330   0x10
    1 destination range, total size 0x10:
          0x2000'0000   0x10



*******************************************************************************
*** MODULE SUMMARY
***

    Module                   ro code  ro data  rw data
    ------                   -------  -------  -------
command line/config:
    --------------------------------------------------
    Total:

C:\Users\sonartech\Desktop\STM32 nucleo\Uart NMEA-0183\EWARM\Uart_NMEA_0183\Obj: [1]
    main.o                       900               528
    startup_stm32l433xx.o        668
    stm32l4xx_hal.o              140       12       12
    stm32l4xx_hal_cortex.o       200
    stm32l4xx_hal_dma.o          144
    stm32l4xx_hal_gpio.o         452
    stm32l4xx_hal_msp.o          276
    stm32l4xx_hal_pwr_ex.o       136
    stm32l4xx_hal_rcc.o        1 932
    stm32l4xx_hal_rcc_ex.o       948
    stm32l4xx_hal_uart.o       2 584
    stm32l4xx_hal_uart_ex.o        2
    stm32l4xx_it.o                40
    system_stm32l4xx.o            32       60        4
    --------------------------------------------------
    Total:                     8 454       72      544

dl7M_tln.a: [2]
    exit.o                         4
    low_level_init.o               4
    --------------------------------------------------
    Total:                         8

m7M_tls.a: [3]
    fpinit_M.o                    34
    --------------------------------------------------
    Total:                        34

rt7M_tl.a: [4]
    ABImemclr4.o                   6
    ABImemcpy_small.o             24
    ABImemset.o                  102
    ABImemset48.o                 50
    I64DivMod_small.o            262
    I64DivZer.o                    2
    cexit.o                       10
    cmain.o                       30
    copy_init3.o                  44
    cstartup_M.o                  12
    data_init.o                   40
    memset.o                      20
    zero_init3.o                  58
    --------------------------------------------------
    Total:                       660

shb_l.a: [5]
    exit.o                        20
    --------------------------------------------------
    Total:                        20

    Gaps                          12        4
    Linker created                         36    1 024
------------------------------------------------------
    Grand Total:               9 188      112    1 568


*******************************************************************************
*** ENTRY LIST
***

Entry                       Address   Size  Type      Object
-----                       -------   ----  ----      ------
.iar.init_table$$Base    0x800'2294          --   Gb  - Linker created -
.iar.init_table$$Limit   0x800'22b8          --   Gb  - Linker created -
?main                    0x800'22d9         Code  Gb  cmain.o [4]
AHBPrescTable            0x800'22c8   0x10  Data  Gb  system_stm32l4xx.o [1]
APBPrescTable            0x800'234c    0x8  Data  Gb  system_stm32l4xx.o [1]
Buf_save                 0x800'16ad   0x30  Code  Gb  main.o [1]
BusFault_Handler         0x800'2217    0x2  Code  Gb  stm32l4xx_it.o [1]
CSTACK$$Base            0x2000'0220          --   Gb  - Linker created -
CSTACK$$Limit           0x2000'0620          --   Gb  - Linker created -
Char2Hex                 0x800'1641   0x28  Code  Gb  main.o [1]
DebugMon_Handler         0x800'221d    0x2  Code  Gb  stm32l4xx_it.o [1]
Error_Handler            0x800'195f    0x4  Code  Gb  main.o [1]
HAL_DMA_Abort            0x800'0cf9   0x46  Code  Gb  stm32l4xx_hal_dma.o [1]
HAL_DMA_Abort_IT         0x800'0d3f   0x4a  Code  Gb  stm32l4xx_hal_dma.o [1]
HAL_GPIO_Init            0x800'1e2d  0x19c  Code  Gb  stm32l4xx_hal_gpio.o [1]
HAL_GPIO_WritePin        0x800'1fc9    0xa  Code  Gb  stm32l4xx_hal_gpio.o [1]
HAL_GetTick              0x800'0ced    0xc  Code  Wk  stm32l4xx_hal.o [1]
HAL_IncTick              0x800'2239   0x10  Code  Wk  stm32l4xx_hal.o [1]
HAL_Init                 0x800'20ed   0x28  Code  Gb  stm32l4xx_hal.o [1]
HAL_InitTick             0x800'1ff1   0x44  Code  Wk  stm32l4xx_hal.o [1]
HAL_MspInit              0x800'0bd9   0x2c  Code  Gb  stm32l4xx_hal_msp.o [1]
HAL_NVIC_EnableIRQ       0x800'1dd5   0x16  Code  Gb  stm32l4xx_hal_cortex.o [1]
HAL_NVIC_SetPriority     0x800'1d99   0x3a  Code  Gb  stm32l4xx_hal_cortex.o [1]
HAL_NVIC_SetPriorityGrouping
                         0x800'1d7f   0x1a  Code  Gb  stm32l4xx_hal_cortex.o [1]
HAL_PWREx_ControlVoltageScaling
                         0x800'2041   0x5e  Code  Gb  stm32l4xx_hal_pwr_ex.o [1]
HAL_PWREx_GetVoltageRange
                         0x800'2035    0xc  Code  Gb  stm32l4xx_hal_pwr_ex.o [1]
HAL_RCCEx_PeriphCLKConfig
                         0x800'19b1  0x27e  Code  Gb  stm32l4xx_hal_rcc_ex.o [1]
HAL_RCC_ClockConfig      0x800'127f   0xfa  Code  Gb  stm32l4xx_hal_rcc.o [1]
HAL_RCC_GetPCLK1Freq     0x800'1441   0x10  Code  Gb  stm32l4xx_hal_rcc.o [1]
HAL_RCC_GetPCLK2Freq     0x800'1451    0xe  Code  Gb  stm32l4xx_hal_rcc.o [1]
HAL_RCC_GetSysClockFreq
                         0x800'13af   0x92  Code  Gb  stm32l4xx_hal_rcc.o [1]
HAL_RCC_OscConfig        0x800'0d91  0x4b6  Code  Gb  stm32l4xx_hal_rcc.o [1]
HAL_SYSTICK_Config       0x800'1deb   0x28  Code  Gb  stm32l4xx_hal_cortex.o [1]
HAL_UARTEx_WakeupCallback
                         0x800'0d8d    0x2  Code  Wk  stm32l4xx_hal_uart_ex.o [1]
HAL_UART_IRQHandler      0x800'0377  0x248  Code  Gb  stm32l4xx_hal_uart.o [1]
HAL_UART_Init            0x800'018d   0x30  Code  Gb  stm32l4xx_hal_uart.o [1]
HAL_UART_MspInit         0x800'0c05   0xa2  Code  Gb  stm32l4xx_hal_msp.o [1]
HAL_UART_Receive_IT      0x800'02c7   0x28  Code  Gb  stm32l4xx_hal_uart.o [1]
HAL_UART_RxCpltCallback
                         0x800'1703   0x32  Code  Gb  main.o [1]
HAL_UART_Transmit        0x800'020d   0xba  Code  Gb  stm32l4xx_hal_uart.o [1]
HardFault_Handler        0x800'2213    0x2  Code  Gb  stm32l4xx_it.o [1]
MSIRangeTable            0x800'21b4   0x30  Data  Gb  system_stm32l4xx.o [1]
MX_GPIO_Init             0x800'1865   0xc2  Code  Lc  main.o [1]
MemManage_Handler        0x800'2215    0x2  Code  Gb  stm32l4xx_it.o [1]
NEMA_Init                0x800'1625   0x1a  Code  Gb  main.o [1]
NEMA_RX                 0x2000'0010  0x104  Data  Gb  main.o [1]
NEMA_check_sum           0x800'1669   0x44  Code  Gb  main.o [1]
NMI_Handler              0x800'2211    0x2  Code  Gb  stm32l4xx_it.o [1]
PendSV_Handler           0x800'221f    0x2  Code  Gb  stm32l4xx_it.o [1]
RCCEx_PLLSAI1_Config     0x800'1c3f   0xfc  Code  Lc  stm32l4xx_hal_rcc_ex.o [1]
RCC_SetFlashLatencyFromMSIRange
                         0x800'1469   0x74  Code  Lc  stm32l4xx_hal_rcc.o [1]
Region$$Table$$Base      0x800'2294          --   Gb  - Linker created -
Region$$Table$$Limit     0x800'22b8          --   Gb  - Linker created -
SVC_Handler              0x800'221b    0x2  Code  Gb  stm32l4xx_it.o [1]
Starting_str_check       0x800'16dd   0x26  Code  Gb  main.o [1]
SysTick_Handler          0x800'2221    0x4  Code  Gb  stm32l4xx_it.o [1]
SystemClock_Config       0x800'17ef   0x76  Code  Gb  main.o [1]
SystemCoreClock         0x2000'000c    0x4  Data  Gb  system_stm32l4xx.o [1]
SystemInit               0x800'22b9    0xc  Code  Gb  system_stm32l4xx.o [1]
UART_AdvFeatureConfig    0x800'07bd   0xc6  Code  Gb  stm32l4xx_hal_uart.o [1]
UART_CheckIdleState      0x800'0883   0x5c  Code  Gb  stm32l4xx_hal_uart.o [1]
UART_DMAAbortOnError     0x800'0a81   0x10  Code  Lc  stm32l4xx_hal_uart.o [1]
UART_EndRxTransfer       0x800'0a2f   0x50  Code  Lc  stm32l4xx_hal_uart.o [1]
UART_RxISR_16BIT         0x800'0ad9   0x46  Code  Lc  stm32l4xx_hal_uart.o [1]
UART_RxISR_8BIT          0x800'0a91   0x46  Code  Lc  stm32l4xx_hal_uart.o [1]
UART_SetConfig           0x800'05c9  0x1ce  Code  Gb  stm32l4xx_hal_uart.o [1]
UART_Start_Receive_IT    0x800'0981   0xae  Code  Gb  stm32l4xx_hal_uart.o [1]
UART_WaitOnFlagUntilTimeout
                         0x800'08df   0x7c  Code  Gb  stm32l4xx_hal_uart.o [1]
USART1_IRQHandler        0x800'2225    0x6  Code  Gb  stm32l4xx_it.o [1]
USART2_IRQHandler        0x800'222b    0x6  Code  Gb  stm32l4xx_it.o [1]
UsageFault_Handler       0x800'2219    0x2  Code  Gb  stm32l4xx_it.o [1]
__NVIC_SetPriority       0x800'1d65   0x1a  Code  Lc  stm32l4xx_hal_cortex.o [1]
__aeabi_ldiv0            0x800'20bd         Code  Gb  I64DivZer.o [4]
__aeabi_memclr4          0x800'19a9         Code  Gb  ABImemclr4.o [4]
__aeabi_memset           0x800'214d         Code  Gb  ABImemset.o [4]
__cmain                  0x800'22d9         Code  Gb  cmain.o [4]
__exit                   0x800'230d   0x14  Code  Gb  exit.o [5]
__iar_Memset             0x800'214d         Code  Gb  ABImemset.o [4]
__iar_Memset4_word       0x800'2119         Code  Gb  ABImemset48.o [4]
__iar_Memset8_word       0x800'2119         Code  Gb  ABImemset48.o [4]
__iar_Memset_word        0x800'2155         Code  Gb  ABImemset.o [4]
__iar_copy_init3         0x800'21e5   0x2c  Code  Gb  copy_init3.o [4]
__iar_data_init3         0x800'2249   0x28  Code  Gb  data_init.o [4]
__iar_init_vfp           0x800'2271         Code  Gb  fpinit_M.o [3]
__iar_program_start      0x800'2341         Code  Gb  cstartup_M.o [4]
__iar_small_Memcpy       0x800'20d9         Code  Gb  ABImemcpy_small.o [4]
__iar_small_memcpy       0x800'20d5         Code  Gb  ABImemcpy_small.o [4]
__iar_small_memcpy4      0x800'20d5         Code  Gb  ABImemcpy_small.o [4]
__iar_small_memcpy8      0x800'20d5         Code  Gb  ABImemcpy_small.o [4]
__iar_small_uldivmod     0x800'151d         Code  Gb  I64DivMod_small.o [4]
__iar_zero_init3         0x800'0b9f   0x3a  Code  Gb  zero_init3.o [4]
__low_level_init         0x800'22f7    0x4  Code  Gb  low_level_init.o [2]
__vector_table           0x800'0000         Data  Gb  startup_stm32l433xx.o [1]
_call_main               0x800'22e5         Code  Gb  cmain.o [4]
_exit                    0x800'2301         Code  Gb  cexit.o [4]
_main                    0x800'22f3         Code  Gb  cmain.o [4]
char_hex                0x2000'021c    0x2  Data  Gb  main.o [1]
cr_check                0x2000'021f    0x1  Data  Gb  main.o [1]
exit                     0x800'22fb    0x4  Code  Gb  exit.o [2]
huart1                  0x2000'0114   0x84  Data  Gb  main.o [1]
huart2                  0x2000'0198   0x84  Data  Gb  main.o [1]
main                     0x800'1735   0xba  Code  Gb  main.o [1]
memset                   0x800'20bf   0x14  Code  Gb  memset.o [4]
temp_rx                 0x2000'021e    0x1  Data  Gb  main.o [1]
uwTick                  0x2000'0004    0x4  Data  Gb  stm32l4xx_hal.o [1]
uwTickFreq              0x2000'0000    0x1  Data  Gb  stm32l4xx_hal.o [1]
uwTickPrio              0x2000'0008    0x4  Data  Gb  stm32l4xx_hal.o [1]


[1] = C:\Users\sonartech\Desktop\STM32 nucleo\Uart NMEA-0183\EWARM\Uart_NMEA_0183\Obj
[2] = dl7M_tln.a
[3] = m7M_tls.a
[4] = rt7M_tl.a
[5] = shb_l.a

  9 188 bytes of readonly  code memory
    112 bytes of readonly  data memory
  1 568 bytes of readwrite data memory

Errors: none
Warnings: none
