###############################################################################
#
# IAR ELF Linker V8.32.3.193/W32 for ARM                  01/Sep/2022  16:25:40
# Copyright 2007-2019 IAR Systems AB.
#
#    Output file  =  
#        C:\Users\sonartech\Desktop\STM32
#        nucleo\EEFROM\EWARM\Timer_EXTI_interrupt\Exe\Timer_EXTI_interrupt.out
#    Map file     =  
#        C:\Users\sonartech\Desktop\STM32
#        nucleo\EEFROM\EWARM\Timer_EXTI_interrupt\List\Timer_EXTI_interrupt.map
#    Command line =  
#        -f C:\Users\SONART~1\AppData\Local\Temp\EW1C3E.tmp
#        ("C:\Users\sonartech\Desktop\STM32
#        nucleo\EEFROM\EWARM\Timer_EXTI_interrupt\Obj\main.o"
#        "C:\Users\sonartech\Desktop\STM32
#        nucleo\EEFROM\EWARM\Timer_EXTI_interrupt\Obj\startup_stm32l433xx.o"
#        "C:\Users\sonartech\Desktop\STM32
#        nucleo\EEFROM\EWARM\Timer_EXTI_interrupt\Obj\stm32l4xx_hal.o"
#        "C:\Users\sonartech\Desktop\STM32
#        nucleo\EEFROM\EWARM\Timer_EXTI_interrupt\Obj\stm32l4xx_hal_can.o"
#        "C:\Users\sonartech\Desktop\STM32
#        nucleo\EEFROM\EWARM\Timer_EXTI_interrupt\Obj\stm32l4xx_hal_cortex.o"
#        "C:\Users\sonartech\Desktop\STM32
#        nucleo\EEFROM\EWARM\Timer_EXTI_interrupt\Obj\stm32l4xx_hal_dma.o"
#        "C:\Users\sonartech\Desktop\STM32
#        nucleo\EEFROM\EWARM\Timer_EXTI_interrupt\Obj\stm32l4xx_hal_dma_ex.o"
#        "C:\Users\sonartech\Desktop\STM32
#        nucleo\EEFROM\EWARM\Timer_EXTI_interrupt\Obj\stm32l4xx_hal_exti.o"
#        "C:\Users\sonartech\Desktop\STM32
#        nucleo\EEFROM\EWARM\Timer_EXTI_interrupt\Obj\stm32l4xx_hal_flash.o"
#        "C:\Users\sonartech\Desktop\STM32
#        nucleo\EEFROM\EWARM\Timer_EXTI_interrupt\Obj\stm32l4xx_hal_flash_ex.o"
#        "C:\Users\sonartech\Desktop\STM32
#        nucleo\EEFROM\EWARM\Timer_EXTI_interrupt\Obj\stm32l4xx_hal_flash_ramfunc.o"
#        "C:\Users\sonartech\Desktop\STM32
#        nucleo\EEFROM\EWARM\Timer_EXTI_interrupt\Obj\stm32l4xx_hal_gpio.o"
#        "C:\Users\sonartech\Desktop\STM32
#        nucleo\EEFROM\EWARM\Timer_EXTI_interrupt\Obj\stm32l4xx_hal_i2c.o"
#        "C:\Users\sonartech\Desktop\STM32
#        nucleo\EEFROM\EWARM\Timer_EXTI_interrupt\Obj\stm32l4xx_hal_i2c_ex.o"
#        "C:\Users\sonartech\Desktop\STM32
#        nucleo\EEFROM\EWARM\Timer_EXTI_interrupt\Obj\stm32l4xx_hal_msp.o"
#        "C:\Users\sonartech\Desktop\STM32
#        nucleo\EEFROM\EWARM\Timer_EXTI_interrupt\Obj\stm32l4xx_hal_pwr.o"
#        "C:\Users\sonartech\Desktop\STM32
#        nucleo\EEFROM\EWARM\Timer_EXTI_interrupt\Obj\stm32l4xx_hal_pwr_ex.o"
#        "C:\Users\sonartech\Desktop\STM32
#        nucleo\EEFROM\EWARM\Timer_EXTI_interrupt\Obj\stm32l4xx_hal_rcc.o"
#        "C:\Users\sonartech\Desktop\STM32
#        nucleo\EEFROM\EWARM\Timer_EXTI_interrupt\Obj\stm32l4xx_hal_rcc_ex.o"
#        "C:\Users\sonartech\Desktop\STM32
#        nucleo\EEFROM\EWARM\Timer_EXTI_interrupt\Obj\stm32l4xx_hal_tim.o"
#        "C:\Users\sonartech\Desktop\STM32
#        nucleo\EEFROM\EWARM\Timer_EXTI_interrupt\Obj\stm32l4xx_hal_tim_ex.o"
#        "C:\Users\sonartech\Desktop\STM32
#        nucleo\EEFROM\EWARM\Timer_EXTI_interrupt\Obj\stm32l4xx_hal_uart.o"
#        "C:\Users\sonartech\Desktop\STM32
#        nucleo\EEFROM\EWARM\Timer_EXTI_interrupt\Obj\stm32l4xx_hal_uart_ex.o"
#        "C:\Users\sonartech\Desktop\STM32
#        nucleo\EEFROM\EWARM\Timer_EXTI_interrupt\Obj\stm32l4xx_it.o"
#        "C:\Users\sonartech\Desktop\STM32
#        nucleo\EEFROM\EWARM\Timer_EXTI_interrupt\Obj\system_stm32l4xx.o"
#        --no_out_extension -o "C:\Users\sonartech\Desktop\STM32
#        nucleo\EEFROM\EWARM\Timer_EXTI_interrupt\Exe\Timer_EXTI_interrupt.out"
#        --redirect _Printf=_PrintfFullNoMb --redirect _Scanf=_ScanfFullNoMb
#        --map "C:\Users\sonartech\Desktop\STM32
#        nucleo\EEFROM\EWARM\Timer_EXTI_interrupt\List\Timer_EXTI_interrupt.map"
#        --config "C:\Users\sonartech\Desktop\STM32
#        nucleo\EEFROM\EWARM/stm32l433xx_flash.icf" --semihosting --entry
#        __iar_program_start --vfe --text_out locale)
#
###############################################################################

*******************************************************************************
*** RUNTIME MODEL ATTRIBUTES
***

CppFlavor       = *
__SystemLibrary = DLib
__dlib_version  = 6


*******************************************************************************
*** HEAP SELECTION
***

The basic heap was selected because no calls to memory allocation
functions were found in the application outside of system library
functions, and there are calls to deallocation functions in the
application.


*******************************************************************************
*** PLACEMENT SUMMARY
***

"A0":  place at 0x800'0000 { ro section .intvec };
"P1":  place in [from 0x800'0000 to 0x803'ffff] { ro };
define block CSTACK with size = 1K, alignment = 8 { };
define block HEAP with size = 512, alignment = 8 { };
"P2":  place in [from 0x2000'0000 to 0x2000'ffff] {
          rw, block CSTACK, block HEAP };
initialize by copy { rw };

  Section            Kind         Address    Size  Object
  -------            ----         -------    ----  ------
"A0":                                       0x18c
  .intvec            ro code   0x800'0000   0x18c  startup_stm32l433xx.o [1]
                             - 0x800'018c   0x18c

"P1":                                      0x1b30
  .text              ro code   0x800'018c   0x78c  stm32l4xx_hal_rcc.o [1]
  .text              ro code   0x800'0918    0x44  stm32l4xx_hal.o [1]
  .text              ro code   0x800'095c     0xc  stm32l4xx_hal.o [1]
  .text              ro code   0x800'0968    0x88  stm32l4xx_hal_pwr_ex.o [1]
  .text              ro code   0x800'09f0    0xc8  stm32l4xx_hal_cortex.o [1]
  .text              ro code   0x800'0ab8   0x448  stm32l4xx_hal_uart.o [1]
  .text              ro code   0x800'0f00   0x100  stm32l4xx_hal_msp.o [1]
  .text              ro code   0x800'1000   0x106  I64DivMod_small.o [4]
  .text              ro code   0x800'1106    0x3a  zero_init3.o [4]
  .text              ro code   0x800'1140     0x6  ABImemclr4.o [4]
  .text              ro code   0x800'1148   0x3b4  stm32l4xx_hal_rcc_ex.o [1]
  .text              ro code   0x800'14fc   0x1d2  main.o [1]
  .text              ro code   0x800'16d0   0x1da  stm32l4xx_hal_gpio.o [1]
  .text              ro code   0x800'18ac     0x2  I64DivZer.o [4]
  .text              ro code   0x800'18b0    0x32  ABImemset48.o [4]
  .text              ro code   0x800'18e4    0x2c  stm32l4xx_hal.o [1]
  .text              ro code   0x800'1910   0x114  stm32l4xx_hal_can.o [1]
  .rodata            const     0x800'1a24    0x30  system_stm32l4xx.o [1]
  .text              ro code   0x800'1a54    0x2c  copy_init3.o [4]
  .text              ro code   0x800'1a80    0x28  data_init.o [4]
  .text              ro code   0x800'1aa8    0x22  fpinit_M.o [3]
  .iar.init_table    const     0x800'1acc    0x24  - Linker created -
  .text              ro code   0x800'1af0    0x20  system_stm32l4xx.o [1]
  .text              ro code   0x800'1b10    0x1e  cmain.o [4]
  .text              ro code   0x800'1b2e     0x4  low_level_init.o [2]
  .text              ro code   0x800'1b32     0x4  exit.o [2]
  .text              ro code   0x800'1b38     0xa  cexit.o [4]
  .text              ro code   0x800'1b44    0x14  exit.o [5]
  .text              ro code   0x800'1b58    0x1c  stm32l4xx_it.o [1]
  .text              ro code   0x800'1b74    0x10  stm32l4xx_hal.o [1]
  .text              ro code   0x800'1b84    0x10  startup_stm32l433xx.o [1]
  Initializer bytes  const     0x800'1b94    0x10  <for P2-1>
  .text              ro code   0x800'1ba4     0xc  cstartup_M.o [4]
  .rodata            const     0x800'1bb0     0x8  system_stm32l4xx.o [1]
  .text              ro code   0x800'1bb8     0x4  startup_stm32l433xx.o [1]
  .text              ro code   0x800'1bbc     0x4  startup_stm32l433xx.o [1]
  .text              ro code   0x800'1bc0     0x4  startup_stm32l433xx.o [1]
  .text              ro code   0x800'1bc4     0x4  startup_stm32l433xx.o [1]
  .text              ro code   0x800'1bc8     0x4  startup_stm32l433xx.o [1]
  .text              ro code   0x800'1bcc     0x4  startup_stm32l433xx.o [1]
  .text              ro code   0x800'1bd0     0x4  startup_stm32l433xx.o [1]
  .text              ro code   0x800'1bd4     0x4  startup_stm32l433xx.o [1]
  .text              ro code   0x800'1bd8     0x4  startup_stm32l433xx.o [1]
  .text              ro code   0x800'1bdc     0x4  startup_stm32l433xx.o [1]
  .text              ro code   0x800'1be0     0x4  startup_stm32l433xx.o [1]
  .text              ro code   0x800'1be4     0x4  startup_stm32l433xx.o [1]
  .text              ro code   0x800'1be8     0x4  startup_stm32l433xx.o [1]
  .text              ro code   0x800'1bec     0x4  startup_stm32l433xx.o [1]
  .text              ro code   0x800'1bf0     0x4  startup_stm32l433xx.o [1]
  .text              ro code   0x800'1bf4     0x4  startup_stm32l433xx.o [1]
  .text              ro code   0x800'1bf8     0x4  startup_stm32l433xx.o [1]
  .text              ro code   0x800'1bfc     0x4  startup_stm32l433xx.o [1]
  .text              ro code   0x800'1c00     0x4  startup_stm32l433xx.o [1]
  .text              ro code   0x800'1c04     0x4  startup_stm32l433xx.o [1]
  .text              ro code   0x800'1c08     0x4  startup_stm32l433xx.o [1]
  .text              ro code   0x800'1c0c     0x4  startup_stm32l433xx.o [1]
  .text              ro code   0x800'1c10     0x4  startup_stm32l433xx.o [1]
  .text              ro code   0x800'1c14     0x4  startup_stm32l433xx.o [1]
  .text              ro code   0x800'1c18     0x4  startup_stm32l433xx.o [1]
  .text              ro code   0x800'1c1c     0x4  startup_stm32l433xx.o [1]
  .text              ro code   0x800'1c20     0x4  startup_stm32l433xx.o [1]
  .text              ro code   0x800'1c24     0x4  startup_stm32l433xx.o [1]
  .text              ro code   0x800'1c28     0x4  startup_stm32l433xx.o [1]
  .text              ro code   0x800'1c2c     0x4  startup_stm32l433xx.o [1]
  .text              ro code   0x800'1c30     0x4  startup_stm32l433xx.o [1]
  .text              ro code   0x800'1c34     0x4  startup_stm32l433xx.o [1]
  .text              ro code   0x800'1c38     0x4  startup_stm32l433xx.o [1]
  .text              ro code   0x800'1c3c     0x4  startup_stm32l433xx.o [1]
  .text              ro code   0x800'1c40     0x4  startup_stm32l433xx.o [1]
  .text              ro code   0x800'1c44     0x4  startup_stm32l433xx.o [1]
  .text              ro code   0x800'1c48     0x4  startup_stm32l433xx.o [1]
  .text              ro code   0x800'1c4c     0x4  startup_stm32l433xx.o [1]
  .text              ro code   0x800'1c50     0x4  startup_stm32l433xx.o [1]
  .text              ro code   0x800'1c54     0x4  startup_stm32l433xx.o [1]
  .text              ro code   0x800'1c58     0x4  startup_stm32l433xx.o [1]
  .text              ro code   0x800'1c5c     0x4  startup_stm32l433xx.o [1]
  .text              ro code   0x800'1c60     0x4  startup_stm32l433xx.o [1]
  .text              ro code   0x800'1c64     0x4  startup_stm32l433xx.o [1]
  .text              ro code   0x800'1c68     0x4  startup_stm32l433xx.o [1]
  .text              ro code   0x800'1c6c     0x4  startup_stm32l433xx.o [1]
  .text              ro code   0x800'1c70     0x4  startup_stm32l433xx.o [1]
  .text              ro code   0x800'1c74     0x4  startup_stm32l433xx.o [1]
  .text              ro code   0x800'1c78     0x4  startup_stm32l433xx.o [1]
  .text              ro code   0x800'1c7c     0x4  startup_stm32l433xx.o [1]
  .text              ro code   0x800'1c80     0x4  startup_stm32l433xx.o [1]
  .text              ro code   0x800'1c84     0x4  startup_stm32l433xx.o [1]
  .text              ro code   0x800'1c88     0x4  startup_stm32l433xx.o [1]
  .text              ro code   0x800'1c8c     0x4  startup_stm32l433xx.o [1]
  .text              ro code   0x800'1c90     0x4  startup_stm32l433xx.o [1]
  .text              ro code   0x800'1c94     0x4  startup_stm32l433xx.o [1]
  .text              ro code   0x800'1c98     0x4  startup_stm32l433xx.o [1]
  .text              ro code   0x800'1c9c     0x4  startup_stm32l433xx.o [1]
  .text              ro code   0x800'1ca0     0x4  startup_stm32l433xx.o [1]
  .text              ro code   0x800'1ca4     0x4  startup_stm32l433xx.o [1]
  .text              ro code   0x800'1ca8     0x4  startup_stm32l433xx.o [1]
  .text              ro code   0x800'1cac     0x4  startup_stm32l433xx.o [1]
  .text              ro code   0x800'1cb0     0x4  startup_stm32l433xx.o [1]
  .text              ro code   0x800'1cb4     0x4  startup_stm32l433xx.o [1]
  .text              ro code   0x800'1cb8     0x4  startup_stm32l433xx.o [1]
  .rodata            const     0x800'1cbc     0x0  zero_init3.o [4]
  .rodata            const     0x800'1cbc     0x0  copy_init3.o [4]
                             - 0x800'1cbc  0x1b30

"P2", part 1 of 3:                           0x10
  P2-1                        0x2000'0000    0x10  <Init block>
    .data            inited   0x2000'0000     0xc  stm32l4xx_hal.o [1]
    .data            inited   0x2000'000c     0x4  system_stm32l4xx.o [1]
                            - 0x2000'0010    0x10

"P2", part 2 of 3:                           0xac
  .bss               zero     0x2000'0010    0xac  main.o [1]
                            - 0x2000'00bc    0xac

"P2", part 3 of 3:                          0x400
  CSTACK                      0x2000'00c0   0x400  <Block>
    CSTACK           uninit   0x2000'00c0   0x400  <Block tail>
                            - 0x2000'04c0   0x400

Unused ranges:

         From           To      Size
         ----           --      ----
   0x800'1cbc   0x803'ffff  0x3'e344
  0x2000'00bc  0x2000'00bf       0x4
  0x2000'04c0  0x2000'ffff    0xfb40


*******************************************************************************
*** INIT TABLE
***

          Address      Size
          -------      ----
Zero (__iar_zero_init3)
    1 destination range, total size 0xac:
          0x2000'0010  0xac

Copy (__iar_copy_init3)
    1 source range, total size 0x10:
           0x800'1b94  0x10
    1 destination range, total size 0x10:
          0x2000'0000  0x10



*******************************************************************************
*** MODULE SUMMARY
***

    Module                  ro code  ro data  rw data
    ------                  -------  -------  -------
command line/config:
    -------------------------------------------------
    Total:

C:\Users\sonartech\Desktop\STM32 nucleo\EEFROM\EWARM\Timer_EXTI_interrupt\Obj: [1]
    main.o                      466               172
    startup_stm32l433xx.o       672
    stm32l4xx_hal.o             140       12       12
    stm32l4xx_hal_can.o         276
    stm32l4xx_hal_cortex.o      200
    stm32l4xx_hal_gpio.o        474
    stm32l4xx_hal_msp.o         256
    stm32l4xx_hal_pwr_ex.o      136
    stm32l4xx_hal_rcc.o       1 932
    stm32l4xx_hal_rcc_ex.o      948
    stm32l4xx_hal_uart.o      1 096
    stm32l4xx_it.o               28
    system_stm32l4xx.o           32       60        4
    -------------------------------------------------
    Total:                    6 656       72      188

dl7M_tln.a: [2]
    exit.o                        4
    low_level_init.o              4
    -------------------------------------------------
    Total:                        8

m7M_tls.a: [3]
    fpinit_M.o                   34
    -------------------------------------------------
    Total:                       34

rt7M_tl.a: [4]
    ABImemclr4.o                  6
    ABImemset48.o                50
    I64DivMod_small.o           262
    I64DivZer.o                   2
    cexit.o                      10
    cmain.o                      30
    copy_init3.o                 44
    cstartup_M.o                 12
    data_init.o                  40
    zero_init3.o                 58
    -------------------------------------------------
    Total:                      514

shb_l.a: [5]
    exit.o                       20
    -------------------------------------------------
    Total:                       20

    Gaps                         14        2
    Linker created                        36    1 024
-----------------------------------------------------
    Grand Total:              7 246      110    1 212


*******************************************************************************
*** ENTRY LIST
***

Entry                       Address   Size  Type      Object
-----                       -------   ----  ----      ------
.iar.init_table$$Base    0x800'1acc          --   Gb  - Linker created -
.iar.init_table$$Limit   0x800'1af0          --   Gb  - Linker created -
?main                    0x800'1b11         Code  Gb  cmain.o [4]
AHBPrescTable            0x800'1b00   0x10  Data  Gb  system_stm32l4xx.o [1]
APBPrescTable            0x800'1bb0    0x8  Data  Gb  system_stm32l4xx.o [1]
BusFault_Handler         0x800'1b5f    0x2  Code  Gb  stm32l4xx_it.o [1]
CSTACK$$Base            0x2000'00c0          --   Gb  - Linker created -
CSTACK$$Limit           0x2000'04c0          --   Gb  - Linker created -
DebugMon_Handler         0x800'1b65    0x2  Code  Gb  stm32l4xx_it.o [1]
EXTI15_10_IRQHandler     0x800'1b6d    0x8  Code  Gb  stm32l4xx_it.o [1]
Error_Handler            0x800'16cb    0x4  Code  Gb  main.o [1]
HAL_CAN_Init             0x800'1911   0xe4  Code  Gb  stm32l4xx_hal_can.o [1]
HAL_CAN_MspInit          0x800'0f2d   0x36  Code  Gb  stm32l4xx_hal_msp.o [1]
HAL_GPIO_EXTI_IRQHandler
                         0x800'1877   0x10  Code  Gb  stm32l4xx_hal_gpio.o [1]
HAL_GPIO_Init            0x800'16d1  0x19c  Code  Gb  stm32l4xx_hal_gpio.o [1]
HAL_GPIO_WritePin        0x800'186d    0xa  Code  Gb  stm32l4xx_hal_gpio.o [1]
HAL_GetTick              0x800'095d    0xc  Code  Wk  stm32l4xx_hal.o [1]
HAL_IncTick              0x800'1b75   0x10  Code  Wk  stm32l4xx_hal.o [1]
HAL_Init                 0x800'18e5   0x28  Code  Gb  stm32l4xx_hal.o [1]
HAL_InitTick             0x800'0919   0x44  Code  Wk  stm32l4xx_hal.o [1]
HAL_MspInit              0x800'0f01   0x2c  Code  Gb  stm32l4xx_hal_msp.o [1]
HAL_NVIC_EnableIRQ       0x800'0a61   0x16  Code  Gb  stm32l4xx_hal_cortex.o [1]
HAL_NVIC_SetPriority     0x800'0a25   0x3a  Code  Gb  stm32l4xx_hal_cortex.o [1]
HAL_NVIC_SetPriorityGrouping
                         0x800'0a0b   0x1a  Code  Gb  stm32l4xx_hal_cortex.o [1]
HAL_PWREx_ControlVoltageScaling
                         0x800'0975   0x5e  Code  Gb  stm32l4xx_hal_pwr_ex.o [1]
HAL_PWREx_GetVoltageRange
                         0x800'0969    0xc  Code  Gb  stm32l4xx_hal_pwr_ex.o [1]
HAL_RCCEx_PeriphCLKConfig
                         0x800'1149  0x27e  Code  Gb  stm32l4xx_hal_rcc_ex.o [1]
HAL_RCC_ClockConfig      0x800'067b   0xfa  Code  Gb  stm32l4xx_hal_rcc.o [1]
HAL_RCC_GetPCLK1Freq     0x800'083d   0x10  Code  Gb  stm32l4xx_hal_rcc.o [1]
HAL_RCC_GetPCLK2Freq     0x800'084d    0xe  Code  Gb  stm32l4xx_hal_rcc.o [1]
HAL_RCC_GetSysClockFreq
                         0x800'07ab   0x92  Code  Gb  stm32l4xx_hal_rcc.o [1]
HAL_RCC_OscConfig        0x800'018d  0x4b6  Code  Gb  stm32l4xx_hal_rcc.o [1]
HAL_SYSTICK_Config       0x800'0a77   0x28  Code  Gb  stm32l4xx_hal_cortex.o [1]
HAL_UART_Init            0x800'0ab9   0x30  Code  Gb  stm32l4xx_hal_uart.o [1]
HAL_UART_MspInit         0x800'0f63   0x50  Code  Gb  stm32l4xx_hal_msp.o [1]
HardFault_Handler        0x800'1b5b    0x2  Code  Gb  stm32l4xx_it.o [1]
MSIRangeTable            0x800'1a24   0x30  Data  Gb  system_stm32l4xx.o [1]
MX_GPIO_Init             0x800'15d7   0xd2  Code  Lc  main.o [1]
MemManage_Handler        0x800'1b5d    0x2  Code  Gb  stm32l4xx_it.o [1]
NMI_Handler              0x800'1b59    0x2  Code  Gb  stm32l4xx_it.o [1]
PendSV_Handler           0x800'1b67    0x2  Code  Gb  stm32l4xx_it.o [1]
RCCEx_PLLSAI1_Config     0x800'13d7   0xfc  Code  Lc  stm32l4xx_hal_rcc_ex.o [1]
RCC_SetFlashLatencyFromMSIRange
                         0x800'0865   0x74  Code  Lc  stm32l4xx_hal_rcc.o [1]
Region$$Table$$Base      0x800'1acc          --   Gb  - Linker created -
Region$$Table$$Limit     0x800'1af0          --   Gb  - Linker created -
SVC_Handler              0x800'1b63    0x2  Code  Gb  stm32l4xx_it.o [1]
SysTick_Handler          0x800'1b69    0x4  Code  Gb  stm32l4xx_it.o [1]
SystemClock_Config       0x800'155d   0x7a  Code  Gb  main.o [1]
SystemCoreClock         0x2000'000c    0x4  Data  Gb  system_stm32l4xx.o [1]
SystemInit               0x800'1af1    0xc  Code  Gb  system_stm32l4xx.o [1]
UART_AdvFeatureConfig    0x800'0d3d   0xc6  Code  Gb  stm32l4xx_hal_uart.o [1]
UART_CheckIdleState      0x800'0e03   0x5c  Code  Gb  stm32l4xx_hal_uart.o [1]
UART_SetConfig           0x800'0b4d  0x1ce  Code  Gb  stm32l4xx_hal_uart.o [1]
UART_WaitOnFlagUntilTimeout
                         0x800'0e5f   0x7c  Code  Gb  stm32l4xx_hal_uart.o [1]
UsageFault_Handler       0x800'1b61    0x2  Code  Gb  stm32l4xx_it.o [1]
__NVIC_SetPriority       0x800'09f1   0x1a  Code  Lc  stm32l4xx_hal_cortex.o [1]
__aeabi_ldiv0            0x800'18ad         Code  Gb  I64DivZer.o [4]
__aeabi_memclr4          0x800'1141         Code  Gb  ABImemclr4.o [4]
__cmain                  0x800'1b11         Code  Gb  cmain.o [4]
__exit                   0x800'1b45   0x14  Code  Gb  exit.o [5]
__iar_Memset4_word       0x800'18b1         Code  Gb  ABImemset48.o [4]
__iar_Memset8_word       0x800'18b1         Code  Gb  ABImemset48.o [4]
__iar_copy_init3         0x800'1a55   0x2c  Code  Gb  copy_init3.o [4]
__iar_data_init3         0x800'1a81   0x28  Code  Gb  data_init.o [4]
__iar_init_vfp           0x800'1aa9         Code  Gb  fpinit_M.o [3]
__iar_program_start      0x800'1ba5         Code  Gb  cstartup_M.o [4]
__iar_small_uldivmod     0x800'1001         Code  Gb  I64DivMod_small.o [4]
__iar_zero_init3         0x800'1107   0x3a  Code  Gb  zero_init3.o [4]
__low_level_init         0x800'1b2f    0x4  Code  Gb  low_level_init.o [2]
__vector_table           0x800'0000         Data  Gb  startup_stm32l433xx.o [1]
_call_main               0x800'1b1d         Code  Gb  cmain.o [4]
_exit                    0x800'1b39         Code  Gb  cexit.o [4]
_main                    0x800'1b2b         Code  Gb  cmain.o [4]
exit                     0x800'1b33    0x4  Code  Gb  exit.o [2]
hcan1                   0x2000'0010   0x28  Data  Gb  main.o [1]
huart2                  0x2000'0038   0x84  Data  Gb  main.o [1]
main                     0x800'14fd   0x60  Code  Gb  main.o [1]
uwTick                  0x2000'0004    0x4  Data  Gb  stm32l4xx_hal.o [1]
uwTickFreq              0x2000'0000    0x1  Data  Gb  stm32l4xx_hal.o [1]
uwTickPrio              0x2000'0008    0x4  Data  Gb  stm32l4xx_hal.o [1]


[1] = C:\Users\sonartech\Desktop\STM32 nucleo\EEFROM\EWARM\Timer_EXTI_interrupt\Obj
[2] = dl7M_tln.a
[3] = m7M_tls.a
[4] = rt7M_tl.a
[5] = shb_l.a

  7 246 bytes of readonly  code memory
    110 bytes of readonly  data memory
  1 212 bytes of readwrite data memory

Errors: none
Warnings: none
