###############################################################################
#
# IAR ELF Linker V8.32.3.193/W32 for ARM                  31/Aug/2022  17:55:24
# Copyright 2007-2019 IAR Systems AB.
#
#    Output file  =  
#        C:\Users\sonartech\Desktop\STM32 nucleo\SPI\EWARM\SPI\Exe\SPI.out
#    Map file     =  
#        C:\Users\sonartech\Desktop\STM32 nucleo\SPI\EWARM\SPI\List\SPI.map
#    Command line =  
#        -f C:\Users\SONART~1\AppData\Local\Temp\EWC0AA.tmp
#        ("C:\Users\sonartech\Desktop\STM32 nucleo\SPI\EWARM\SPI\Obj\main.o"
#        "C:\Users\sonartech\Desktop\STM32
#        nucleo\SPI\EWARM\SPI\Obj\startup_stm32l433xx.o"
#        "C:\Users\sonartech\Desktop\STM32
#        nucleo\SPI\EWARM\SPI\Obj\stm32l4xx_hal.o"
#        "C:\Users\sonartech\Desktop\STM32
#        nucleo\SPI\EWARM\SPI\Obj\stm32l4xx_hal_cortex.o"
#        "C:\Users\sonartech\Desktop\STM32
#        nucleo\SPI\EWARM\SPI\Obj\stm32l4xx_hal_dma.o"
#        "C:\Users\sonartech\Desktop\STM32
#        nucleo\SPI\EWARM\SPI\Obj\stm32l4xx_hal_dma_ex.o"
#        "C:\Users\sonartech\Desktop\STM32
#        nucleo\SPI\EWARM\SPI\Obj\stm32l4xx_hal_exti.o"
#        "C:\Users\sonartech\Desktop\STM32
#        nucleo\SPI\EWARM\SPI\Obj\stm32l4xx_hal_flash.o"
#        "C:\Users\sonartech\Desktop\STM32
#        nucleo\SPI\EWARM\SPI\Obj\stm32l4xx_hal_flash_ex.o"
#        "C:\Users\sonartech\Desktop\STM32
#        nucleo\SPI\EWARM\SPI\Obj\stm32l4xx_hal_flash_ramfunc.o"
#        "C:\Users\sonartech\Desktop\STM32
#        nucleo\SPI\EWARM\SPI\Obj\stm32l4xx_hal_gpio.o"
#        "C:\Users\sonartech\Desktop\STM32
#        nucleo\SPI\EWARM\SPI\Obj\stm32l4xx_hal_i2c.o"
#        "C:\Users\sonartech\Desktop\STM32
#        nucleo\SPI\EWARM\SPI\Obj\stm32l4xx_hal_i2c_ex.o"
#        "C:\Users\sonartech\Desktop\STM32
#        nucleo\SPI\EWARM\SPI\Obj\stm32l4xx_hal_msp.o"
#        "C:\Users\sonartech\Desktop\STM32
#        nucleo\SPI\EWARM\SPI\Obj\stm32l4xx_hal_pwr.o"
#        "C:\Users\sonartech\Desktop\STM32
#        nucleo\SPI\EWARM\SPI\Obj\stm32l4xx_hal_pwr_ex.o"
#        "C:\Users\sonartech\Desktop\STM32
#        nucleo\SPI\EWARM\SPI\Obj\stm32l4xx_hal_rcc.o"
#        "C:\Users\sonartech\Desktop\STM32
#        nucleo\SPI\EWARM\SPI\Obj\stm32l4xx_hal_rcc_ex.o"
#        "C:\Users\sonartech\Desktop\STM32
#        nucleo\SPI\EWARM\SPI\Obj\stm32l4xx_hal_spi.o"
#        "C:\Users\sonartech\Desktop\STM32
#        nucleo\SPI\EWARM\SPI\Obj\stm32l4xx_hal_spi_ex.o"
#        "C:\Users\sonartech\Desktop\STM32
#        nucleo\SPI\EWARM\SPI\Obj\stm32l4xx_hal_tim.o"
#        "C:\Users\sonartech\Desktop\STM32
#        nucleo\SPI\EWARM\SPI\Obj\stm32l4xx_hal_tim_ex.o"
#        "C:\Users\sonartech\Desktop\STM32
#        nucleo\SPI\EWARM\SPI\Obj\stm32l4xx_hal_uart.o"
#        "C:\Users\sonartech\Desktop\STM32
#        nucleo\SPI\EWARM\SPI\Obj\stm32l4xx_hal_uart_ex.o"
#        "C:\Users\sonartech\Desktop\STM32
#        nucleo\SPI\EWARM\SPI\Obj\stm32l4xx_it.o"
#        "C:\Users\sonartech\Desktop\STM32
#        nucleo\SPI\EWARM\SPI\Obj\system_stm32l4xx.o" --no_out_extension -o
#        "C:\Users\sonartech\Desktop\STM32 nucleo\SPI\EWARM\SPI\Exe\SPI.out"
#        --redirect _Printf=_PrintfFullNoMb --redirect _Scanf=_ScanfFullNoMb
#        --map "C:\Users\sonartech\Desktop\STM32
#        nucleo\SPI\EWARM\SPI\List\SPI.map" --config
#        "C:\Users\sonartech\Desktop\STM32
#        nucleo\SPI\EWARM/stm32l433xx_flash.icf" --semihosting --entry
#        __iar_program_start --vfe --text_out locale)
#
###############################################################################

*******************************************************************************
*** RUNTIME MODEL ATTRIBUTES
***

CppFlavor       = *
__SystemLibrary = DLib
__dlib_version  = 6


*******************************************************************************
*** HEAP SELECTION
***

The basic heap was selected because no calls to memory allocation
functions were found in the application outside of system library
functions, and there are calls to deallocation functions in the
application.


*******************************************************************************
*** PLACEMENT SUMMARY
***

"A0":  place at 0x800'0000 { ro section .intvec };
"P1":  place in [from 0x800'0000 to 0x803'ffff] { ro };
define block CSTACK with size = 1K, alignment = 8 { };
define block HEAP with size = 512, alignment = 8 { };
"P2":  place in [from 0x2000'0000 to 0x2000'ffff] {
          rw, block CSTACK, block HEAP };
initialize by copy { rw };

  Section            Kind         Address    Size  Object
  -------            ----         -------    ----  ------
"A0":                                       0x18c
  .intvec            ro code   0x800'0000   0x18c  startup_stm32l433xx.o [1]
                             - 0x800'018c   0x18c

"P1":                                      0x2430
  .text              ro code   0x800'018c   0x860  stm32l4xx_hal_spi.o [1]
  .text              ro code   0x800'09ec   0x15c  stm32l4xx_hal_msp.o [1]
  .text              ro code   0x800'0b48     0xc  stm32l4xx_hal.o [1]
  .text              ro code   0x800'0b54     0x6  ABImemclr4.o [4]
  .text              ro code   0x800'0b5a    0x3a  zero_init3.o [4]
  .text              ro code   0x800'0b94   0x1d8  stm32l4xx_hal_gpio.o [1]
  .text              ro code   0x800'0d6c   0x3b4  stm32l4xx_hal_rcc_ex.o [1]
  .text              ro code   0x800'1120   0x2ec  main.o [1]
  .text              ro code   0x800'140c    0x32  ABImemset48.o [4]
  .text              ro code   0x800'1440    0x2c  stm32l4xx_hal.o [1]
  .text              ro code   0x800'146c   0x448  stm32l4xx_hal_uart.o [1]
  .text              ro code   0x800'18b4    0x18  ABImemcpy_small.o [4]
  .text              ro code   0x800'18cc    0x28  stm32l4xx_hal.o [1]
  .text              ro code   0x800'18f4    0x88  stm32l4xx_hal_pwr_ex.o [1]
  .text              ro code   0x800'197c   0x78c  stm32l4xx_hal_rcc.o [1]
  .text              ro code   0x800'2108    0xc8  stm32l4xx_hal_cortex.o [1]
  .text              ro code   0x800'21d0    0x44  stm32l4xx_hal.o [1]
  .text              ro code   0x800'2214   0x106  I64DivMod_small.o [4]
  .text              ro code   0x800'231c     0x2  I64DivZer.o [4]
  .rodata            const     0x800'2320    0x30  system_stm32l4xx.o [1]
  .text              ro code   0x800'2350    0x2c  copy_init3.o [4]
  .text              ro code   0x800'237c    0x28  data_init.o [4]
  .text              ro code   0x800'23a4    0x24  stm32l4xx_it.o [1]
  .text              ro code   0x800'23c8    0x10  stm32l4xx_hal.o [1]
  .text              ro code   0x800'23d8    0x22  fpinit_M.o [3]
  .iar.init_table    const     0x800'23fc    0x24  - Linker created -
  .text              ro code   0x800'2420    0x20  system_stm32l4xx.o [1]
  .text              ro code   0x800'2440    0x1e  cmain.o [4]
  .text              ro code   0x800'245e     0x4  low_level_init.o [2]
  .text              ro code   0x800'2462     0x4  exit.o [2]
  .text              ro code   0x800'2468     0xa  cexit.o [4]
  .text              ro code   0x800'2474    0x14  exit.o [5]
  .text              ro code   0x800'2488    0x10  startup_stm32l433xx.o [1]
  Initializer bytes  const     0x800'2498    0x10  <for P2-1>
  .text              ro code   0x800'24a8     0xc  cstartup_M.o [4]
  .rodata            const     0x800'24b4     0x8  system_stm32l4xx.o [1]
  .text              ro code   0x800'24bc     0x4  startup_stm32l433xx.o [1]
  .text              ro code   0x800'24c0     0x4  startup_stm32l433xx.o [1]
  .text              ro code   0x800'24c4     0x4  startup_stm32l433xx.o [1]
  .text              ro code   0x800'24c8     0x4  startup_stm32l433xx.o [1]
  .text              ro code   0x800'24cc     0x4  startup_stm32l433xx.o [1]
  .text              ro code   0x800'24d0     0x4  startup_stm32l433xx.o [1]
  .text              ro code   0x800'24d4     0x4  startup_stm32l433xx.o [1]
  .text              ro code   0x800'24d8     0x4  startup_stm32l433xx.o [1]
  .text              ro code   0x800'24dc     0x4  startup_stm32l433xx.o [1]
  .text              ro code   0x800'24e0     0x4  startup_stm32l433xx.o [1]
  .text              ro code   0x800'24e4     0x4  startup_stm32l433xx.o [1]
  .text              ro code   0x800'24e8     0x4  startup_stm32l433xx.o [1]
  .text              ro code   0x800'24ec     0x4  startup_stm32l433xx.o [1]
  .text              ro code   0x800'24f0     0x4  startup_stm32l433xx.o [1]
  .text              ro code   0x800'24f4     0x4  startup_stm32l433xx.o [1]
  .text              ro code   0x800'24f8     0x4  startup_stm32l433xx.o [1]
  .text              ro code   0x800'24fc     0x4  startup_stm32l433xx.o [1]
  .text              ro code   0x800'2500     0x4  startup_stm32l433xx.o [1]
  .text              ro code   0x800'2504     0x4  startup_stm32l433xx.o [1]
  .text              ro code   0x800'2508     0x4  startup_stm32l433xx.o [1]
  .text              ro code   0x800'250c     0x4  startup_stm32l433xx.o [1]
  .text              ro code   0x800'2510     0x4  startup_stm32l433xx.o [1]
  .text              ro code   0x800'2514     0x4  startup_stm32l433xx.o [1]
  .text              ro code   0x800'2518     0x4  startup_stm32l433xx.o [1]
  .text              ro code   0x800'251c     0x4  startup_stm32l433xx.o [1]
  .text              ro code   0x800'2520     0x4  startup_stm32l433xx.o [1]
  .text              ro code   0x800'2524     0x4  startup_stm32l433xx.o [1]
  .text              ro code   0x800'2528     0x4  startup_stm32l433xx.o [1]
  .text              ro code   0x800'252c     0x4  startup_stm32l433xx.o [1]
  .text              ro code   0x800'2530     0x4  startup_stm32l433xx.o [1]
  .text              ro code   0x800'2534     0x4  startup_stm32l433xx.o [1]
  .text              ro code   0x800'2538     0x4  startup_stm32l433xx.o [1]
  .text              ro code   0x800'253c     0x4  startup_stm32l433xx.o [1]
  .text              ro code   0x800'2540     0x4  startup_stm32l433xx.o [1]
  .text              ro code   0x800'2544     0x4  startup_stm32l433xx.o [1]
  .text              ro code   0x800'2548     0x4  startup_stm32l433xx.o [1]
  .text              ro code   0x800'254c     0x4  startup_stm32l433xx.o [1]
  .text              ro code   0x800'2550     0x4  startup_stm32l433xx.o [1]
  .text              ro code   0x800'2554     0x4  startup_stm32l433xx.o [1]
  .text              ro code   0x800'2558     0x4  startup_stm32l433xx.o [1]
  .text              ro code   0x800'255c     0x4  startup_stm32l433xx.o [1]
  .text              ro code   0x800'2560     0x4  startup_stm32l433xx.o [1]
  .text              ro code   0x800'2564     0x4  startup_stm32l433xx.o [1]
  .text              ro code   0x800'2568     0x4  startup_stm32l433xx.o [1]
  .text              ro code   0x800'256c     0x4  startup_stm32l433xx.o [1]
  .text              ro code   0x800'2570     0x4  startup_stm32l433xx.o [1]
  .text              ro code   0x800'2574     0x4  startup_stm32l433xx.o [1]
  .text              ro code   0x800'2578     0x4  startup_stm32l433xx.o [1]
  .text              ro code   0x800'257c     0x4  startup_stm32l433xx.o [1]
  .text              ro code   0x800'2580     0x4  startup_stm32l433xx.o [1]
  .text              ro code   0x800'2584     0x4  startup_stm32l433xx.o [1]
  .text              ro code   0x800'2588     0x4  startup_stm32l433xx.o [1]
  .text              ro code   0x800'258c     0x4  startup_stm32l433xx.o [1]
  .text              ro code   0x800'2590     0x4  startup_stm32l433xx.o [1]
  .text              ro code   0x800'2594     0x4  startup_stm32l433xx.o [1]
  .text              ro code   0x800'2598     0x4  startup_stm32l433xx.o [1]
  .text              ro code   0x800'259c     0x4  startup_stm32l433xx.o [1]
  .text              ro code   0x800'25a0     0x4  startup_stm32l433xx.o [1]
  .text              ro code   0x800'25a4     0x4  startup_stm32l433xx.o [1]
  .text              ro code   0x800'25a8     0x4  startup_stm32l433xx.o [1]
  .text              ro code   0x800'25ac     0x4  startup_stm32l433xx.o [1]
  .text              ro code   0x800'25b0     0x4  startup_stm32l433xx.o [1]
  .text              ro code   0x800'25b4     0x4  startup_stm32l433xx.o [1]
  .text              ro code   0x800'25b8     0x4  startup_stm32l433xx.o [1]
  .rodata            const     0x800'25bc     0x0  zero_init3.o [4]
  .rodata            const     0x800'25bc     0x0  copy_init3.o [4]
                             - 0x800'25bc  0x2430

"P2", part 1 of 3:                           0x10
  P2-1                        0x2000'0000    0x10  <Init block>
    .data            inited   0x2000'0000     0xc  stm32l4xx_hal.o [1]
    .data            inited   0x2000'000c     0x4  system_stm32l4xx.o [1]
                            - 0x2000'0010    0x10

"P2", part 2 of 3:                          0x158
  .bss               zero     0x2000'0010    0xe8  main.o [1]
  .bss               zero     0x2000'00f8    0x70  main.o [1]
                            - 0x2000'0168   0x158

"P2", part 3 of 3:                          0x400
  CSTACK                      0x2000'0168   0x400  <Block>
    CSTACK           uninit   0x2000'0168   0x400  <Block tail>
                            - 0x2000'0568   0x400

Unused ranges:

         From           To      Size
         ----           --      ----
   0x800'25bc   0x803'ffff  0x3'da44
  0x2000'0568  0x2000'ffff    0xfa98


*******************************************************************************
*** INIT TABLE
***

          Address      Size
          -------      ----
Zero (__iar_zero_init3)
    1 destination range, total size 0x158:
          0x2000'0010  0x158

Copy (__iar_copy_init3)
    1 source range, total size 0x10:
           0x800'2498   0x10
    1 destination range, total size 0x10:
          0x2000'0000   0x10



*******************************************************************************
*** MODULE SUMMARY
***

    Module                  ro code  ro data  rw data
    ------                  -------  -------  -------
command line/config:
    -------------------------------------------------
    Total:

C:\Users\sonartech\Desktop\STM32 nucleo\SPI\EWARM\SPI\Obj: [1]
    main.o                      748               344
    startup_stm32l433xx.o       668
    stm32l4xx_hal.o             180       12       12
    stm32l4xx_hal_cortex.o      200
    stm32l4xx_hal_gpio.o        472
    stm32l4xx_hal_msp.o         348
    stm32l4xx_hal_pwr_ex.o      136
    stm32l4xx_hal_rcc.o       1 932
    stm32l4xx_hal_rcc_ex.o      948
    stm32l4xx_hal_spi.o       2 144
    stm32l4xx_hal_uart.o      1 096
    stm32l4xx_it.o               36
    system_stm32l4xx.o           32       60        4
    -------------------------------------------------
    Total:                    8 940       72      360

dl7M_tln.a: [2]
    exit.o                        4
    low_level_init.o              4
    -------------------------------------------------
    Total:                        8

m7M_tls.a: [3]
    fpinit_M.o                   34
    -------------------------------------------------
    Total:                       34

rt7M_tl.a: [4]
    ABImemclr4.o                  6
    ABImemcpy_small.o            24
    ABImemset48.o                50
    I64DivMod_small.o           262
    I64DivZer.o                   2
    cexit.o                      10
    cmain.o                      30
    copy_init3.o                 44
    cstartup_M.o                 12
    data_init.o                  40
    zero_init3.o                 58
    -------------------------------------------------
    Total:                      538

shb_l.a: [5]
    exit.o                       20
    -------------------------------------------------
    Total:                       20

    Gaps                          8        4
    Linker created                        36    1 024
-----------------------------------------------------
    Grand Total:              9 548      112    1 384


*******************************************************************************
*** ENTRY LIST
***

Entry                       Address   Size  Type      Object
-----                       -------   ----  ----      ------
.iar.init_table$$Base    0x800'23fc          --   Gb  - Linker created -
.iar.init_table$$Limit   0x800'2420          --   Gb  - Linker created -
?main                    0x800'2441         Code  Gb  cmain.o [4]
AHBPrescTable            0x800'2430   0x10  Data  Gb  system_stm32l4xx.o [1]
APBPrescTable            0x800'24b4    0x8  Data  Gb  system_stm32l4xx.o [1]
BusFault_Handler         0x800'23ab    0x2  Code  Gb  stm32l4xx_it.o [1]
CSTACK$$Base            0x2000'0168          --   Gb  - Linker created -
CSTACK$$Limit           0x2000'0568          --   Gb  - Linker created -
DebugMon_Handler         0x800'23b1    0x2  Code  Gb  stm32l4xx_it.o [1]
EXTI15_10_IRQHandler     0x800'23c1    0x8  Code  Gb  stm32l4xx_it.o [1]
EXTI9_5_IRQHandler       0x800'23b9    0x8  Code  Gb  stm32l4xx_it.o [1]
Error_Handler            0x800'13fd    0x4  Code  Gb  main.o [1]
HAL_Delay                0x800'18cd   0x28  Code  Wk  stm32l4xx_hal.o [1]
HAL_GPIO_EXTI_Callback   0x800'1121   0x22  Code  Gb  main.o [1]
HAL_GPIO_EXTI_IRQHandler
                         0x800'0d3b   0x10  Code  Gb  stm32l4xx_hal_gpio.o [1]
HAL_GPIO_Init            0x800'0b95  0x19c  Code  Gb  stm32l4xx_hal_gpio.o [1]
HAL_GPIO_WritePin        0x800'0d31    0xa  Code  Gb  stm32l4xx_hal_gpio.o [1]
HAL_GetTick              0x800'0b49    0xc  Code  Wk  stm32l4xx_hal.o [1]
HAL_IncTick              0x800'23c9   0x10  Code  Wk  stm32l4xx_hal.o [1]
HAL_Init                 0x800'1441   0x28  Code  Gb  stm32l4xx_hal.o [1]
HAL_InitTick             0x800'21d1   0x44  Code  Wk  stm32l4xx_hal.o [1]
HAL_MspInit              0x800'09ed   0x2c  Code  Gb  stm32l4xx_hal_msp.o [1]
HAL_NVIC_EnableIRQ       0x800'2179   0x16  Code  Gb  stm32l4xx_hal_cortex.o [1]
HAL_NVIC_SetPriority     0x800'213d   0x3a  Code  Gb  stm32l4xx_hal_cortex.o [1]
HAL_NVIC_SetPriorityGrouping
                         0x800'2123   0x1a  Code  Gb  stm32l4xx_hal_cortex.o [1]
HAL_PWREx_ControlVoltageScaling
                         0x800'1901   0x5e  Code  Gb  stm32l4xx_hal_pwr_ex.o [1]
HAL_PWREx_GetVoltageRange
                         0x800'18f5    0xc  Code  Gb  stm32l4xx_hal_pwr_ex.o [1]
HAL_RCCEx_PeriphCLKConfig
                         0x800'0d6d  0x27e  Code  Gb  stm32l4xx_hal_rcc_ex.o [1]
HAL_RCC_ClockConfig      0x800'1e6b   0xfa  Code  Gb  stm32l4xx_hal_rcc.o [1]
HAL_RCC_GetPCLK1Freq     0x800'202d   0x10  Code  Gb  stm32l4xx_hal_rcc.o [1]
HAL_RCC_GetPCLK2Freq     0x800'203d    0xe  Code  Gb  stm32l4xx_hal_rcc.o [1]
HAL_RCC_GetSysClockFreq
                         0x800'1f9b   0x92  Code  Gb  stm32l4xx_hal_rcc.o [1]
HAL_RCC_OscConfig        0x800'197d  0x4b6  Code  Gb  stm32l4xx_hal_rcc.o [1]
HAL_SPI_Init             0x800'018d   0xd2  Code  Gb  stm32l4xx_hal_spi.o [1]
HAL_SPI_MspInit          0x800'0a19   0x8a  Code  Gb  stm32l4xx_hal_msp.o [1]
HAL_SPI_Receive          0x800'0405  0x14c  Code  Gb  stm32l4xx_hal_spi.o [1]
HAL_SPI_Transmit         0x800'025f  0x1a6  Code  Gb  stm32l4xx_hal_spi.o [1]
HAL_SPI_TransmitReceive
                         0x800'0551  0x230  Code  Gb  stm32l4xx_hal_spi.o [1]
HAL_SYSTICK_Config       0x800'218f   0x28  Code  Gb  stm32l4xx_hal_cortex.o [1]
HAL_UART_Init            0x800'146d   0x30  Code  Gb  stm32l4xx_hal_uart.o [1]
HAL_UART_MspInit         0x800'0ab7   0x7a  Code  Gb  stm32l4xx_hal_msp.o [1]
HardFault_Handler        0x800'23a7    0x2  Code  Gb  stm32l4xx_it.o [1]
MSIRangeTable            0x800'2320   0x30  Data  Gb  system_stm32l4xx.o [1]
MX_GPIO_Init             0x800'12cb   0xf2  Code  Lc  main.o [1]
MemManage_Handler        0x800'23a9    0x2  Code  Gb  stm32l4xx_it.o [1]
NMI_Handler              0x800'23a5    0x2  Code  Gb  stm32l4xx_it.o [1]
PendSV_Handler           0x800'23b3    0x2  Code  Gb  stm32l4xx_it.o [1]
RCCEx_PLLSAI1_Config     0x800'0ffb   0xfc  Code  Lc  stm32l4xx_hal_rcc_ex.o [1]
RCC_SetFlashLatencyFromMSIRange
                         0x800'2055   0x74  Code  Lc  stm32l4xx_hal_rcc.o [1]
Region$$Table$$Base      0x800'23fc          --   Gb  - Linker created -
Region$$Table$$Limit     0x800'2420          --   Gb  - Linker created -
SPI_EndRxTransaction     0x800'0931   0x4a  Code  Lc  stm32l4xx_hal_spi.o [1]
SPI_EndRxTxTransaction   0x800'099f   0x2e  Code  Lc  stm32l4xx_hal_spi.o [1]
SPI_WaitFifoStateUntilTimeout
                         0x800'0851   0xd4  Code  Lc  stm32l4xx_hal_spi.o [1]
SPI_WaitFlagStateUntilTimeout
                         0x800'079b   0xb6  Code  Lc  stm32l4xx_hal_spi.o [1]
SVC_Handler              0x800'23af    0x2  Code  Gb  stm32l4xx_it.o [1]
SysTick_Handler          0x800'23b5    0x4  Code  Gb  stm32l4xx_it.o [1]
SystemClock_Config       0x800'1255   0x76  Code  Gb  main.o [1]
SystemCoreClock         0x2000'000c    0x4  Data  Gb  system_stm32l4xx.o [1]
SystemInit               0x800'2421    0xc  Code  Gb  system_stm32l4xx.o [1]
Test_rx                 0x2000'015c    0xc  Data  Gb  main.o [1]
UART_AdvFeatureConfig    0x800'16f1   0xc6  Code  Gb  stm32l4xx_hal_uart.o [1]
UART_CheckIdleState      0x800'17b7   0x5c  Code  Gb  stm32l4xx_hal_uart.o [1]
UART_SetConfig           0x800'1501  0x1ce  Code  Gb  stm32l4xx_hal_uart.o [1]
UART_WaitOnFlagUntilTimeout
                         0x800'1813   0x7c  Code  Gb  stm32l4xx_hal_uart.o [1]
UsageFault_Handler       0x800'23ad    0x2  Code  Gb  stm32l4xx_it.o [1]
__NVIC_SetPriority       0x800'2109   0x1a  Code  Lc  stm32l4xx_hal_cortex.o [1]
__aeabi_ldiv0            0x800'231d         Code  Gb  I64DivZer.o [4]
__aeabi_memclr4          0x800'0b55         Code  Gb  ABImemclr4.o [4]
__cmain                  0x800'2441         Code  Gb  cmain.o [4]
__exit                   0x800'2475   0x14  Code  Gb  exit.o [5]
__iar_Memset4_word       0x800'140d         Code  Gb  ABImemset48.o [4]
__iar_Memset8_word       0x800'140d         Code  Gb  ABImemset48.o [4]
__iar_copy_init3         0x800'2351   0x2c  Code  Gb  copy_init3.o [4]
__iar_data_init3         0x800'237d   0x28  Code  Gb  data_init.o [4]
__iar_init_vfp           0x800'23d9         Code  Gb  fpinit_M.o [3]
__iar_program_start      0x800'24a9         Code  Gb  cstartup_M.o [4]
__iar_small_Memcpy       0x800'18b9         Code  Gb  ABImemcpy_small.o [4]
__iar_small_memcpy       0x800'18b5         Code  Gb  ABImemcpy_small.o [4]
__iar_small_memcpy4      0x800'18b5         Code  Gb  ABImemcpy_small.o [4]
__iar_small_memcpy8      0x800'18b5         Code  Gb  ABImemcpy_small.o [4]
__iar_small_uldivmod     0x800'2215         Code  Gb  I64DivMod_small.o [4]
__iar_zero_init3         0x800'0b5b   0x3a  Code  Gb  zero_init3.o [4]
__low_level_init         0x800'245f    0x4  Code  Gb  low_level_init.o [2]
__vector_table           0x800'0000         Data  Gb  startup_stm32l433xx.o [1]
_call_main               0x800'244d         Code  Gb  cmain.o [4]
_exit                    0x800'2469         Code  Gb  cexit.o [4]
_main                    0x800'245b         Code  Gb  cmain.o [4]
exit                     0x800'2463    0x4  Code  Gb  exit.o [2]
hspi1                   0x2000'0010   0x64  Data  Gb  main.o [1]
hspi2                   0x2000'00f8   0x64  Data  Gb  main.o [1]
huart2                  0x2000'0074   0x84  Data  Gb  main.o [1]
main                     0x800'1145  0x106  Code  Gb  main.o [1]
uwTick                  0x2000'0004    0x4  Data  Gb  stm32l4xx_hal.o [1]
uwTickFreq              0x2000'0000    0x1  Data  Gb  stm32l4xx_hal.o [1]
uwTickPrio              0x2000'0008    0x4  Data  Gb  stm32l4xx_hal.o [1]


[1] = C:\Users\sonartech\Desktop\STM32 nucleo\SPI\EWARM\SPI\Obj
[2] = dl7M_tln.a
[3] = m7M_tls.a
[4] = rt7M_tl.a
[5] = shb_l.a

  9 548 bytes of readonly  code memory
    112 bytes of readonly  data memory
  1 384 bytes of readwrite data memory

Errors: none
Warnings: none
