###############################################################################
#
# IAR ELF Linker V8.32.3.193/W32 for ARM                  31/Aug/2022  19:04:56
# Copyright 2007-2019 IAR Systems AB.
#
#    Output file  =  
#        C:\Users\sonartech\Desktop\STM32 nucleo\USART -
#        SPI\EWARM\USART_SPI\Exe\USART_SPI.out
#    Map file     =  
#        C:\Users\sonartech\Desktop\STM32 nucleo\USART -
#        SPI\EWARM\USART_SPI\List\USART_SPI.map
#    Command line =  
#        -f C:\Users\SONART~1\AppData\Local\Temp\EW68EB.tmp
#        ("C:\Users\sonartech\Desktop\STM32 nucleo\USART -
#        SPI\EWARM\USART_SPI\Obj\main.o" "C:\Users\sonartech\Desktop\STM32
#        nucleo\USART - SPI\EWARM\USART_SPI\Obj\startup_stm32l433xx.o"
#        "C:\Users\sonartech\Desktop\STM32 nucleo\USART -
#        SPI\EWARM\USART_SPI\Obj\stm32l4xx_hal.o"
#        "C:\Users\sonartech\Desktop\STM32 nucleo\USART -
#        SPI\EWARM\USART_SPI\Obj\stm32l4xx_hal_cortex.o"
#        "C:\Users\sonartech\Desktop\STM32 nucleo\USART -
#        SPI\EWARM\USART_SPI\Obj\stm32l4xx_hal_dma.o"
#        "C:\Users\sonartech\Desktop\STM32 nucleo\USART -
#        SPI\EWARM\USART_SPI\Obj\stm32l4xx_hal_dma_ex.o"
#        "C:\Users\sonartech\Desktop\STM32 nucleo\USART -
#        SPI\EWARM\USART_SPI\Obj\stm32l4xx_hal_exti.o"
#        "C:\Users\sonartech\Desktop\STM32 nucleo\USART -
#        SPI\EWARM\USART_SPI\Obj\stm32l4xx_hal_flash.o"
#        "C:\Users\sonartech\Desktop\STM32 nucleo\USART -
#        SPI\EWARM\USART_SPI\Obj\stm32l4xx_hal_flash_ex.o"
#        "C:\Users\sonartech\Desktop\STM32 nucleo\USART -
#        SPI\EWARM\USART_SPI\Obj\stm32l4xx_hal_flash_ramfunc.o"
#        "C:\Users\sonartech\Desktop\STM32 nucleo\USART -
#        SPI\EWARM\USART_SPI\Obj\stm32l4xx_hal_gpio.o"
#        "C:\Users\sonartech\Desktop\STM32 nucleo\USART -
#        SPI\EWARM\USART_SPI\Obj\stm32l4xx_hal_i2c.o"
#        "C:\Users\sonartech\Desktop\STM32 nucleo\USART -
#        SPI\EWARM\USART_SPI\Obj\stm32l4xx_hal_i2c_ex.o"
#        "C:\Users\sonartech\Desktop\STM32 nucleo\USART -
#        SPI\EWARM\USART_SPI\Obj\stm32l4xx_hal_msp.o"
#        "C:\Users\sonartech\Desktop\STM32 nucleo\USART -
#        SPI\EWARM\USART_SPI\Obj\stm32l4xx_hal_pwr.o"
#        "C:\Users\sonartech\Desktop\STM32 nucleo\USART -
#        SPI\EWARM\USART_SPI\Obj\stm32l4xx_hal_pwr_ex.o"
#        "C:\Users\sonartech\Desktop\STM32 nucleo\USART -
#        SPI\EWARM\USART_SPI\Obj\stm32l4xx_hal_rcc.o"
#        "C:\Users\sonartech\Desktop\STM32 nucleo\USART -
#        SPI\EWARM\USART_SPI\Obj\stm32l4xx_hal_rcc_ex.o"
#        "C:\Users\sonartech\Desktop\STM32 nucleo\USART -
#        SPI\EWARM\USART_SPI\Obj\stm32l4xx_hal_spi.o"
#        "C:\Users\sonartech\Desktop\STM32 nucleo\USART -
#        SPI\EWARM\USART_SPI\Obj\stm32l4xx_hal_spi_ex.o"
#        "C:\Users\sonartech\Desktop\STM32 nucleo\USART -
#        SPI\EWARM\USART_SPI\Obj\stm32l4xx_hal_tim.o"
#        "C:\Users\sonartech\Desktop\STM32 nucleo\USART -
#        SPI\EWARM\USART_SPI\Obj\stm32l4xx_hal_tim_ex.o"
#        "C:\Users\sonartech\Desktop\STM32 nucleo\USART -
#        SPI\EWARM\USART_SPI\Obj\stm32l4xx_hal_uart.o"
#        "C:\Users\sonartech\Desktop\STM32 nucleo\USART -
#        SPI\EWARM\USART_SPI\Obj\stm32l4xx_hal_uart_ex.o"
#        "C:\Users\sonartech\Desktop\STM32 nucleo\USART -
#        SPI\EWARM\USART_SPI\Obj\stm32l4xx_it.o"
#        "C:\Users\sonartech\Desktop\STM32 nucleo\USART -
#        SPI\EWARM\USART_SPI\Obj\system_stm32l4xx.o" --no_out_extension -o
#        "C:\Users\sonartech\Desktop\STM32 nucleo\USART -
#        SPI\EWARM\USART_SPI\Exe\USART_SPI.out" --redirect
#        _Printf=_PrintfFullNoMb --redirect _Scanf=_ScanfFullNoMb --map
#        "C:\Users\sonartech\Desktop\STM32 nucleo\USART -
#        SPI\EWARM\USART_SPI\List\USART_SPI.map" --config
#        "C:\Users\sonartech\Desktop\STM32 nucleo\USART -
#        SPI\EWARM/stm32l433xx_flash.icf" --semihosting --entry
#        __iar_program_start --vfe --text_out locale)
#
###############################################################################

*******************************************************************************
*** RUNTIME MODEL ATTRIBUTES
***

CppFlavor       = *
__SystemLibrary = DLib
__dlib_version  = 6


*******************************************************************************
*** HEAP SELECTION
***

The basic heap was selected because no calls to memory allocation
functions were found in the application outside of system library
functions, and there are calls to deallocation functions in the
application.


*******************************************************************************
*** PLACEMENT SUMMARY
***

"A0":  place at 0x800'0000 { ro section .intvec };
"P1":  place in [from 0x800'0000 to 0x803'ffff] { ro };
define block CSTACK with size = 1K, alignment = 8 { };
define block HEAP with size = 512, alignment = 8 { };
"P2":  place in [from 0x2000'0000 to 0x2000'ffff] {
          rw, block CSTACK, block HEAP };
initialize by copy { rw };

  Section            Kind         Address    Size  Object
  -------            ----         -------    ----  ------
"A0":                                       0x18c
  .intvec            ro code   0x800'0000   0x18c  startup_stm32l433xx.o [1]
                             - 0x800'018c   0x18c

"P1":                                      0x2b70
  .text              ro code   0x800'018c   0xa12  stm32l4xx_hal_uart.o [1]
  .text              ro code   0x800'0b9e    0x3a  zero_init3.o [4]
  .text              ro code   0x800'0bd8   0x1d0  stm32l4xx_hal_msp.o [1]
  .text              ro code   0x800'0da8     0xc  stm32l4xx_hal.o [1]
  .text              ro code   0x800'0db4    0x90  stm32l4xx_hal_dma.o [1]
  .text              ro code   0x800'0e44     0x2  stm32l4xx_hal_uart.o [1]
  .text              ro code   0x800'0e46     0x2  stm32l4xx_hal_uart.o [1]
  .text              ro code   0x800'0e48     0x2  stm32l4xx_hal_uart_ex.o [1]
  .text              ro code   0x800'0e4a     0x2  stm32l4xx_hal_uart.o [1]
  .text              ro code   0x800'0e4c   0x78c  stm32l4xx_hal_rcc.o [1]
  .text              ro code   0x800'15d8   0x106  I64DivMod_small.o [4]
  .text              ro code   0x800'16e0   0x388  main.o [1]
  .text              ro code   0x800'1a68   0x1d8  stm32l4xx_hal_gpio.o [1]
  .text              ro code   0x800'1c40     0x6  ABImemclr4.o [4]
  .text              ro code   0x800'1c48   0x3b4  stm32l4xx_hal_rcc_ex.o [1]
  .text              ro code   0x800'1ffc    0xc8  stm32l4xx_hal_cortex.o [1]
  .text              ro code   0x800'20c4    0x44  stm32l4xx_hal.o [1]
  .text              ro code   0x800'2108    0x88  stm32l4xx_hal_pwr_ex.o [1]
  .text              ro code   0x800'2190     0x2  I64DivZer.o [4]
  .text              ro code   0x800'2194   0x860  stm32l4xx_hal_spi.o [1]
  .text              ro code   0x800'29f4    0x2c  stm32l4xx_hal.o [1]
  .text              ro code   0x800'2a20    0x32  ABImemset48.o [4]
  .text              ro code   0x800'2a54    0x38  stm32l4xx_it.o [1]
  .text              ro code   0x800'2a8c    0x10  stm32l4xx_hal.o [1]
  .rodata            const     0x800'2a9c    0x30  system_stm32l4xx.o [1]
  .text              ro code   0x800'2acc    0x2c  copy_init3.o [4]
  .text              ro code   0x800'2af8    0x28  data_init.o [4]
  .text              ro code   0x800'2b20    0x22  fpinit_M.o [3]
  .iar.init_table    const     0x800'2b44    0x24  - Linker created -
  .text              ro code   0x800'2b68    0x20  system_stm32l4xx.o [1]
  .text              ro code   0x800'2b88    0x1e  cmain.o [4]
  .text              ro code   0x800'2ba6     0x4  low_level_init.o [2]
  .text              ro code   0x800'2baa     0x4  exit.o [2]
  .text              ro code   0x800'2bb0     0xa  cexit.o [4]
  .text              ro code   0x800'2bbc    0x14  exit.o [5]
  .text              ro code   0x800'2bd0    0x10  startup_stm32l433xx.o [1]
  Initializer bytes  const     0x800'2be0    0x10  <for P2-1>
  .text              ro code   0x800'2bf0     0xc  cstartup_M.o [4]
  .rodata            const     0x800'2bfc     0x8  system_stm32l4xx.o [1]
  .text              ro code   0x800'2c04     0x4  startup_stm32l433xx.o [1]
  .text              ro code   0x800'2c08     0x4  startup_stm32l433xx.o [1]
  .text              ro code   0x800'2c0c     0x4  startup_stm32l433xx.o [1]
  .text              ro code   0x800'2c10     0x4  startup_stm32l433xx.o [1]
  .text              ro code   0x800'2c14     0x4  startup_stm32l433xx.o [1]
  .text              ro code   0x800'2c18     0x4  startup_stm32l433xx.o [1]
  .text              ro code   0x800'2c1c     0x4  startup_stm32l433xx.o [1]
  .text              ro code   0x800'2c20     0x4  startup_stm32l433xx.o [1]
  .text              ro code   0x800'2c24     0x4  startup_stm32l433xx.o [1]
  .text              ro code   0x800'2c28     0x4  startup_stm32l433xx.o [1]
  .text              ro code   0x800'2c2c     0x4  startup_stm32l433xx.o [1]
  .text              ro code   0x800'2c30     0x4  startup_stm32l433xx.o [1]
  .text              ro code   0x800'2c34     0x4  startup_stm32l433xx.o [1]
  .text              ro code   0x800'2c38     0x4  startup_stm32l433xx.o [1]
  .text              ro code   0x800'2c3c     0x4  startup_stm32l433xx.o [1]
  .text              ro code   0x800'2c40     0x4  startup_stm32l433xx.o [1]
  .text              ro code   0x800'2c44     0x4  startup_stm32l433xx.o [1]
  .text              ro code   0x800'2c48     0x4  startup_stm32l433xx.o [1]
  .text              ro code   0x800'2c4c     0x4  startup_stm32l433xx.o [1]
  .text              ro code   0x800'2c50     0x4  startup_stm32l433xx.o [1]
  .text              ro code   0x800'2c54     0x4  startup_stm32l433xx.o [1]
  .text              ro code   0x800'2c58     0x4  startup_stm32l433xx.o [1]
  .text              ro code   0x800'2c5c     0x4  startup_stm32l433xx.o [1]
  .text              ro code   0x800'2c60     0x4  startup_stm32l433xx.o [1]
  .text              ro code   0x800'2c64     0x4  startup_stm32l433xx.o [1]
  .text              ro code   0x800'2c68     0x4  startup_stm32l433xx.o [1]
  .text              ro code   0x800'2c6c     0x4  startup_stm32l433xx.o [1]
  .text              ro code   0x800'2c70     0x4  startup_stm32l433xx.o [1]
  .text              ro code   0x800'2c74     0x4  startup_stm32l433xx.o [1]
  .text              ro code   0x800'2c78     0x4  startup_stm32l433xx.o [1]
  .text              ro code   0x800'2c7c     0x4  startup_stm32l433xx.o [1]
  .text              ro code   0x800'2c80     0x4  startup_stm32l433xx.o [1]
  .text              ro code   0x800'2c84     0x4  startup_stm32l433xx.o [1]
  .text              ro code   0x800'2c88     0x4  startup_stm32l433xx.o [1]
  .text              ro code   0x800'2c8c     0x4  startup_stm32l433xx.o [1]
  .text              ro code   0x800'2c90     0x4  startup_stm32l433xx.o [1]
  .text              ro code   0x800'2c94     0x4  startup_stm32l433xx.o [1]
  .text              ro code   0x800'2c98     0x4  startup_stm32l433xx.o [1]
  .text              ro code   0x800'2c9c     0x4  startup_stm32l433xx.o [1]
  .text              ro code   0x800'2ca0     0x4  startup_stm32l433xx.o [1]
  .text              ro code   0x800'2ca4     0x4  startup_stm32l433xx.o [1]
  .text              ro code   0x800'2ca8     0x4  startup_stm32l433xx.o [1]
  .text              ro code   0x800'2cac     0x4  startup_stm32l433xx.o [1]
  .text              ro code   0x800'2cb0     0x4  startup_stm32l433xx.o [1]
  .text              ro code   0x800'2cb4     0x4  startup_stm32l433xx.o [1]
  .text              ro code   0x800'2cb8     0x4  startup_stm32l433xx.o [1]
  .text              ro code   0x800'2cbc     0x4  startup_stm32l433xx.o [1]
  .text              ro code   0x800'2cc0     0x4  startup_stm32l433xx.o [1]
  .text              ro code   0x800'2cc4     0x4  startup_stm32l433xx.o [1]
  .text              ro code   0x800'2cc8     0x4  startup_stm32l433xx.o [1]
  .text              ro code   0x800'2ccc     0x4  startup_stm32l433xx.o [1]
  .text              ro code   0x800'2cd0     0x4  startup_stm32l433xx.o [1]
  .text              ro code   0x800'2cd4     0x4  startup_stm32l433xx.o [1]
  .text              ro code   0x800'2cd8     0x4  startup_stm32l433xx.o [1]
  .text              ro code   0x800'2cdc     0x4  startup_stm32l433xx.o [1]
  .text              ro code   0x800'2ce0     0x4  startup_stm32l433xx.o [1]
  .text              ro code   0x800'2ce4     0x4  startup_stm32l433xx.o [1]
  .text              ro code   0x800'2ce8     0x4  startup_stm32l433xx.o [1]
  .text              ro code   0x800'2cec     0x4  startup_stm32l433xx.o [1]
  .text              ro code   0x800'2cf0     0x4  startup_stm32l433xx.o [1]
  .text              ro code   0x800'2cf4     0x4  startup_stm32l433xx.o [1]
  .text              ro code   0x800'2cf8     0x4  startup_stm32l433xx.o [1]
  .rodata            const     0x800'2cfc     0x0  zero_init3.o [4]
  .rodata            const     0x800'2cfc     0x0  copy_init3.o [4]
                             - 0x800'2cfc  0x2b70

"P2", part 1 of 3:                           0x10
  P2-1                        0x2000'0000    0x10  <Init block>
    .data            inited   0x2000'0000     0xc  stm32l4xx_hal.o [1]
    .data            inited   0x2000'000c     0x4  system_stm32l4xx.o [1]
                            - 0x2000'0010    0x10

"P2", part 2 of 3:                          0x1d4
  .bss               zero     0x2000'0010    0x84  main.o [1]
  .bss               zero     0x2000'0094    0x84  main.o [1]
  .bss               zero     0x2000'0118    0x67  main.o [1]
  .bss               zero     0x2000'0180    0x64  main.o [1]
                            - 0x2000'01e4   0x1d4

"P2", part 3 of 3:                          0x400
  CSTACK                      0x2000'01e8   0x400  <Block>
    CSTACK           uninit   0x2000'01e8   0x400  <Block tail>
                            - 0x2000'05e8   0x400

Unused ranges:

         From           To      Size
         ----           --      ----
   0x800'2cfc   0x803'ffff  0x3'd304
  0x2000'01e4  0x2000'01e7       0x4
  0x2000'05e8  0x2000'ffff    0xfa18


*******************************************************************************
*** INIT TABLE
***

          Address      Size
          -------      ----
Zero (__iar_zero_init3)
    1 destination range, total size 0x1d4:
          0x2000'0010  0x1d4

Copy (__iar_copy_init3)
    1 source range, total size 0x10:
           0x800'2be0   0x10
    1 destination range, total size 0x10:
          0x2000'0000   0x10



*******************************************************************************
*** MODULE SUMMARY
***

    Module                   ro code  ro data  rw data
    ------                   -------  -------  -------
command line/config:
    --------------------------------------------------
    Total:

C:\Users\sonartech\Desktop\STM32 nucleo\USART - SPI\EWARM\USART_SPI\Obj: [1]
    main.o                       904               467
    startup_stm32l433xx.o        660
    stm32l4xx_hal.o              140       12       12
    stm32l4xx_hal_cortex.o       200
    stm32l4xx_hal_dma.o          144
    stm32l4xx_hal_gpio.o         472
    stm32l4xx_hal_msp.o          464
    stm32l4xx_hal_pwr_ex.o       136
    stm32l4xx_hal_rcc.o        1 932
    stm32l4xx_hal_rcc_ex.o       948
    stm32l4xx_hal_spi.o        2 144
    stm32l4xx_hal_uart.o       2 584
    stm32l4xx_hal_uart_ex.o        2
    stm32l4xx_it.o                56
    system_stm32l4xx.o            32       60        4
    --------------------------------------------------
    Total:                    10 818       72      483

dl7M_tln.a: [2]
    exit.o                         4
    low_level_init.o               4
    --------------------------------------------------
    Total:                         8

m7M_tls.a: [3]
    fpinit_M.o                    34
    --------------------------------------------------
    Total:                        34

rt7M_tl.a: [4]
    ABImemclr4.o                   6
    ABImemset48.o                 50
    I64DivMod_small.o            262
    I64DivZer.o                    2
    cexit.o                       10
    cmain.o                       30
    copy_init3.o                  44
    cstartup_M.o                  12
    data_init.o                   40
    zero_init3.o                  58
    --------------------------------------------------
    Total:                       514

shb_l.a: [5]
    exit.o                        20
    --------------------------------------------------
    Total:                        20

    Gaps                          12        2        1
    Linker created                         36    1 024
------------------------------------------------------
    Grand Total:              11 406      110    1 508


*******************************************************************************
*** ENTRY LIST
***

Entry                       Address   Size  Type      Object
-----                       -------   ----  ----      ------
.iar.init_table$$Base    0x800'2b44          --   Gb  - Linker created -
.iar.init_table$$Limit   0x800'2b68          --   Gb  - Linker created -
?main                    0x800'2b89         Code  Gb  cmain.o [4]
AHBPrescTable            0x800'2b78   0x10  Data  Gb  system_stm32l4xx.o [1]
APBPrescTable            0x800'2bfc    0x8  Data  Gb  system_stm32l4xx.o [1]
BusFault_Handler         0x800'2a5b    0x2  Code  Gb  stm32l4xx_it.o [1]
CSTACK$$Base            0x2000'01e8          --   Gb  - Linker created -
CSTACK$$Limit           0x2000'05e8          --   Gb  - Linker created -
DebugMon_Handler         0x800'2a61    0x2  Code  Gb  stm32l4xx_it.o [1]
EXTI15_10_IRQHandler     0x800'2a85    0x8  Code  Gb  stm32l4xx_it.o [1]
EXTI9_5_IRQHandler       0x800'2a69    0x8  Code  Gb  stm32l4xx_it.o [1]
Error_Handler            0x800'1a55    0x4  Code  Gb  main.o [1]
HAL_DMA_Abort            0x800'0db5   0x46  Code  Gb  stm32l4xx_hal_dma.o [1]
HAL_DMA_Abort_IT         0x800'0dfb   0x4a  Code  Gb  stm32l4xx_hal_dma.o [1]
HAL_GPIO_EXTI_Callback   0x800'16e1   0x2c  Code  Gb  main.o [1]
HAL_GPIO_EXTI_IRQHandler
                         0x800'1c0f   0x10  Code  Gb  stm32l4xx_hal_gpio.o [1]
HAL_GPIO_Init            0x800'1a69  0x19c  Code  Gb  stm32l4xx_hal_gpio.o [1]
HAL_GPIO_WritePin        0x800'1c05    0xa  Code  Gb  stm32l4xx_hal_gpio.o [1]
HAL_GetTick              0x800'0da9    0xc  Code  Wk  stm32l4xx_hal.o [1]
HAL_IncTick              0x800'2a8d   0x10  Code  Wk  stm32l4xx_hal.o [1]
HAL_Init                 0x800'29f5   0x28  Code  Gb  stm32l4xx_hal.o [1]
HAL_InitTick             0x800'20c5   0x44  Code  Wk  stm32l4xx_hal.o [1]
HAL_MspInit              0x800'0bd9   0x2c  Code  Gb  stm32l4xx_hal_msp.o [1]
HAL_NVIC_EnableIRQ       0x800'206d   0x16  Code  Gb  stm32l4xx_hal_cortex.o [1]
HAL_NVIC_SetPriority     0x800'2031   0x3a  Code  Gb  stm32l4xx_hal_cortex.o [1]
HAL_NVIC_SetPriorityGrouping
                         0x800'2017   0x1a  Code  Gb  stm32l4xx_hal_cortex.o [1]
HAL_PWREx_ControlVoltageScaling
                         0x800'2115   0x5e  Code  Gb  stm32l4xx_hal_pwr_ex.o [1]
HAL_PWREx_GetVoltageRange
                         0x800'2109    0xc  Code  Gb  stm32l4xx_hal_pwr_ex.o [1]
HAL_RCCEx_PeriphCLKConfig
                         0x800'1c49  0x27e  Code  Gb  stm32l4xx_hal_rcc_ex.o [1]
HAL_RCC_ClockConfig      0x800'133b   0xfa  Code  Gb  stm32l4xx_hal_rcc.o [1]
HAL_RCC_GetPCLK1Freq     0x800'14fd   0x10  Code  Gb  stm32l4xx_hal_rcc.o [1]
HAL_RCC_GetPCLK2Freq     0x800'150d    0xe  Code  Gb  stm32l4xx_hal_rcc.o [1]
HAL_RCC_GetSysClockFreq
                         0x800'146b   0x92  Code  Gb  stm32l4xx_hal_rcc.o [1]
HAL_RCC_OscConfig        0x800'0e4d  0x4b6  Code  Gb  stm32l4xx_hal_rcc.o [1]
HAL_SPI_Init             0x800'2195   0xd2  Code  Gb  stm32l4xx_hal_spi.o [1]
HAL_SPI_MspInit          0x800'0c05   0x84  Code  Gb  stm32l4xx_hal_msp.o [1]
HAL_SPI_Receive          0x800'240d  0x14c  Code  Gb  stm32l4xx_hal_spi.o [1]
HAL_SPI_Transmit         0x800'2267  0x1a6  Code  Gb  stm32l4xx_hal_spi.o [1]
HAL_SPI_TransmitReceive
                         0x800'2559  0x230  Code  Gb  stm32l4xx_hal_spi.o [1]
HAL_SYSTICK_Config       0x800'2083   0x28  Code  Gb  stm32l4xx_hal_cortex.o [1]
HAL_UARTEx_WakeupCallback
                         0x800'0e49    0x2  Code  Wk  stm32l4xx_hal_uart_ex.o [1]
HAL_UART_IRQHandler      0x800'0377  0x248  Code  Gb  stm32l4xx_hal_uart.o [1]
HAL_UART_Init            0x800'018d   0x30  Code  Gb  stm32l4xx_hal_uart.o [1]
HAL_UART_MspInit         0x800'0c9d   0xd0  Code  Gb  stm32l4xx_hal_msp.o [1]
HAL_UART_Receive_IT      0x800'02c7   0x28  Code  Gb  stm32l4xx_hal_uart.o [1]
HAL_UART_RxCpltCallback
                         0x800'170d   0x80  Code  Gb  main.o [1]
HAL_UART_Transmit        0x800'020d   0xba  Code  Gb  stm32l4xx_hal_uart.o [1]
HardFault_Handler        0x800'2a57    0x2  Code  Gb  stm32l4xx_it.o [1]
MSIRangeTable            0x800'2a9c   0x30  Data  Gb  system_stm32l4xx.o [1]
MX_GPIO_Init             0x800'1915   0xf2  Code  Lc  main.o [1]
MemManage_Handler        0x800'2a59    0x2  Code  Gb  stm32l4xx_it.o [1]
NMI_Handler              0x800'2a55    0x2  Code  Gb  stm32l4xx_it.o [1]
PendSV_Handler           0x800'2a63    0x2  Code  Gb  stm32l4xx_it.o [1]
RCCEx_PLLSAI1_Config     0x800'1ed7   0xfc  Code  Lc  stm32l4xx_hal_rcc_ex.o [1]
RCC_SetFlashLatencyFromMSIRange
                         0x800'1525   0x74  Code  Lc  stm32l4xx_hal_rcc.o [1]
Region$$Table$$Base      0x800'2b44          --   Gb  - Linker created -
Region$$Table$$Limit     0x800'2b68          --   Gb  - Linker created -
SPI_EndRxTransaction     0x800'2939   0x4a  Code  Lc  stm32l4xx_hal_spi.o [1]
SPI_EndRxTxTransaction   0x800'29a7   0x2e  Code  Lc  stm32l4xx_hal_spi.o [1]
SPI_WaitFifoStateUntilTimeout
                         0x800'2859   0xd4  Code  Lc  stm32l4xx_hal_spi.o [1]
SPI_WaitFlagStateUntilTimeout
                         0x800'27a3   0xb6  Code  Lc  stm32l4xx_hal_spi.o [1]
SVC_Handler              0x800'2a5f    0x2  Code  Gb  stm32l4xx_it.o [1]
SysTick_Handler          0x800'2a65    0x4  Code  Gb  stm32l4xx_it.o [1]
SystemClock_Config       0x800'189f   0x76  Code  Gb  main.o [1]
SystemCoreClock         0x2000'000c    0x4  Data  Gb  system_stm32l4xx.o [1]
SystemInit               0x800'2b69    0xc  Code  Gb  system_stm32l4xx.o [1]
UART_AdvFeatureConfig    0x800'07bd   0xc6  Code  Gb  stm32l4xx_hal_uart.o [1]
UART_CheckIdleState      0x800'0883   0x5c  Code  Gb  stm32l4xx_hal_uart.o [1]
UART_DMAAbortOnError     0x800'0a81   0x10  Code  Lc  stm32l4xx_hal_uart.o [1]
UART_EndRxTransfer       0x800'0a2f   0x50  Code  Lc  stm32l4xx_hal_uart.o [1]
UART_RxISR_16BIT         0x800'0ad9   0x46  Code  Lc  stm32l4xx_hal_uart.o [1]
UART_RxISR_8BIT          0x800'0a91   0x46  Code  Lc  stm32l4xx_hal_uart.o [1]
UART_SetConfig           0x800'05c9  0x1ce  Code  Gb  stm32l4xx_hal_uart.o [1]
UART_Start_Receive_IT    0x800'0981   0xae  Code  Gb  stm32l4xx_hal_uart.o [1]
UART_WaitOnFlagUntilTimeout
                         0x800'08df   0x7c  Code  Gb  stm32l4xx_hal_uart.o [1]
USART1_IRQHandler        0x800'2a71    0x6  Code  Gb  stm32l4xx_it.o [1]
USART2_IRQHandler        0x800'2a77    0x6  Code  Gb  stm32l4xx_it.o [1]
UsageFault_Handler       0x800'2a5d    0x2  Code  Gb  stm32l4xx_it.o [1]
__NVIC_SetPriority       0x800'1ffd   0x1a  Code  Lc  stm32l4xx_hal_cortex.o [1]
__aeabi_ldiv0            0x800'2191         Code  Gb  I64DivZer.o [4]
__aeabi_memclr4          0x800'1c41         Code  Gb  ABImemclr4.o [4]
__cmain                  0x800'2b89         Code  Gb  cmain.o [4]
__exit                   0x800'2bbd   0x14  Code  Gb  exit.o [5]
__iar_Memset4_word       0x800'2a21         Code  Gb  ABImemset48.o [4]
__iar_Memset8_word       0x800'2a21         Code  Gb  ABImemset48.o [4]
__iar_copy_init3         0x800'2acd   0x2c  Code  Gb  copy_init3.o [4]
__iar_data_init3         0x800'2af9   0x28  Code  Gb  data_init.o [4]
__iar_init_vfp           0x800'2b21         Code  Gb  fpinit_M.o [3]
__iar_program_start      0x800'2bf1         Code  Gb  cstartup_M.o [4]
__iar_small_uldivmod     0x800'15d9         Code  Gb  I64DivMod_small.o [4]
__iar_zero_init3         0x800'0b9f   0x3a  Code  Gb  zero_init3.o [4]
__low_level_init         0x800'2ba7    0x4  Code  Gb  low_level_init.o [2]
__vector_table           0x800'0000         Data  Gb  startup_stm32l433xx.o [1]
_call_main               0x800'2b95         Code  Gb  cmain.o [4]
_exit                    0x800'2bb1         Code  Gb  cexit.o [4]
_main                    0x800'2ba3         Code  Gb  cmain.o [4]
exit                     0x800'2bab    0x4  Code  Gb  exit.o [2]
hspi1                   0x2000'0180   0x64  Data  Gb  main.o [1]
hspi2                   0x2000'0118   0x64  Data  Gb  main.o [1]
huart1                  0x2000'0010   0x84  Data  Gb  main.o [1]
huart2                  0x2000'0094   0x84  Data  Gb  main.o [1]
main                     0x800'178d  0x108  Code  Gb  main.o [1]
temp_dumy               0x2000'017e    0x1  Data  Gb  main.o [1]
temp_rx                 0x2000'017c    0x1  Data  Gb  main.o [1]
temp_tx                 0x2000'017d    0x1  Data  Gb  main.o [1]
uwTick                  0x2000'0004    0x4  Data  Gb  stm32l4xx_hal.o [1]
uwTickFreq              0x2000'0000    0x1  Data  Gb  stm32l4xx_hal.o [1]
uwTickPrio              0x2000'0008    0x4  Data  Gb  stm32l4xx_hal.o [1]


[1] = C:\Users\sonartech\Desktop\STM32 nucleo\USART - SPI\EWARM\USART_SPI\Obj
[2] = dl7M_tln.a
[3] = m7M_tls.a
[4] = rt7M_tl.a
[5] = shb_l.a

  11 406 bytes of readonly  code memory
     110 bytes of readonly  data memory
   1 508 bytes of readwrite data memory

Errors: none
Warnings: none
